###############################################################################
#
# IAR ELF Linker V8.22.1.15669/W32 for ARM                30/Dec/2018  14:39:29
# Copyright 2007-2018 IAR Systems AB.
#
#    Output file  =  
#        C:\Users\wangyunxuan\Desktop\Robocon\program\encoder-zhua\EWARM\spi+pid+pwm\Exe\spi+pid+pwm.out
#    Map file     =  
#        C:\Users\wangyunxuan\Desktop\Robocon\program\encoder-zhua\EWARM\spi+pid+pwm\List\spi+pid+pwm.map
#    Command line =  
#        -f C:\Users\WANGYU~1\AppData\Local\Temp\EW6152.tmp
#        (C:\Users\wangyunxuan\Desktop\Robocon\program\encoder-zhua\EWARM\spi+pid+pwm\Obj\can.o
#        C:\Users\wangyunxuan\Desktop\Robocon\program\encoder-zhua\EWARM\spi+pid+pwm\Obj\can_func.o
#        C:\Users\wangyunxuan\Desktop\Robocon\program\encoder-zhua\EWARM\spi+pid+pwm\Obj\cmd.o
#        C:\Users\wangyunxuan\Desktop\Robocon\program\encoder-zhua\EWARM\spi+pid+pwm\Obj\cmd_func.o
#        C:\Users\wangyunxuan\Desktop\Robocon\program\encoder-zhua\EWARM\spi+pid+pwm\Obj\dma.o
#        C:\Users\wangyunxuan\Desktop\Robocon\program\encoder-zhua\EWARM\spi+pid+pwm\Obj\flash.o
#        C:\Users\wangyunxuan\Desktop\Robocon\program\encoder-zhua\EWARM\spi+pid+pwm\Obj\gpio.o
#        C:\Users\wangyunxuan\Desktop\Robocon\program\encoder-zhua\EWARM\spi+pid+pwm\Obj\imitate_spi.o
#        C:\Users\wangyunxuan\Desktop\Robocon\program\encoder-zhua\EWARM\spi+pid+pwm\Obj\main.o
#        C:\Users\wangyunxuan\Desktop\Robocon\program\encoder-zhua\EWARM\spi+pid+pwm\Obj\speed.o
#        C:\Users\wangyunxuan\Desktop\Robocon\program\encoder-zhua\EWARM\spi+pid+pwm\Obj\startup_stm32f103xe.o
#        C:\Users\wangyunxuan\Desktop\Robocon\program\encoder-zhua\EWARM\spi+pid+pwm\Obj\stm32f1xx_hal.o
#        C:\Users\wangyunxuan\Desktop\Robocon\program\encoder-zhua\EWARM\spi+pid+pwm\Obj\stm32f1xx_hal_can.o
#        C:\Users\wangyunxuan\Desktop\Robocon\program\encoder-zhua\EWARM\spi+pid+pwm\Obj\stm32f1xx_hal_cortex.o
#        C:\Users\wangyunxuan\Desktop\Robocon\program\encoder-zhua\EWARM\spi+pid+pwm\Obj\stm32f1xx_hal_dma.o
#        C:\Users\wangyunxuan\Desktop\Robocon\program\encoder-zhua\EWARM\spi+pid+pwm\Obj\stm32f1xx_hal_flash.o
#        C:\Users\wangyunxuan\Desktop\Robocon\program\encoder-zhua\EWARM\spi+pid+pwm\Obj\stm32f1xx_hal_flash_ex.o
#        C:\Users\wangyunxuan\Desktop\Robocon\program\encoder-zhua\EWARM\spi+pid+pwm\Obj\stm32f1xx_hal_gpio.o
#        C:\Users\wangyunxuan\Desktop\Robocon\program\encoder-zhua\EWARM\spi+pid+pwm\Obj\stm32f1xx_hal_gpio_ex.o
#        C:\Users\wangyunxuan\Desktop\Robocon\program\encoder-zhua\EWARM\spi+pid+pwm\Obj\stm32f1xx_hal_msp.o
#        C:\Users\wangyunxuan\Desktop\Robocon\program\encoder-zhua\EWARM\spi+pid+pwm\Obj\stm32f1xx_hal_pwr.o
#        C:\Users\wangyunxuan\Desktop\Robocon\program\encoder-zhua\EWARM\spi+pid+pwm\Obj\stm32f1xx_hal_rcc.o
#        C:\Users\wangyunxuan\Desktop\Robocon\program\encoder-zhua\EWARM\spi+pid+pwm\Obj\stm32f1xx_hal_rcc_ex.o
#        C:\Users\wangyunxuan\Desktop\Robocon\program\encoder-zhua\EWARM\spi+pid+pwm\Obj\stm32f1xx_hal_tim.o
#        C:\Users\wangyunxuan\Desktop\Robocon\program\encoder-zhua\EWARM\spi+pid+pwm\Obj\stm32f1xx_hal_tim_ex.o
#        C:\Users\wangyunxuan\Desktop\Robocon\program\encoder-zhua\EWARM\spi+pid+pwm\Obj\stm32f1xx_hal_uart.o
#        C:\Users\wangyunxuan\Desktop\Robocon\program\encoder-zhua\EWARM\spi+pid+pwm\Obj\stm32f1xx_it.o
#        C:\Users\wangyunxuan\Desktop\Robocon\program\encoder-zhua\EWARM\spi+pid+pwm\Obj\system_stm32f1xx.o
#        C:\Users\wangyunxuan\Desktop\Robocon\program\encoder-zhua\EWARM\spi+pid+pwm\Obj\tim.o
#        C:\Users\wangyunxuan\Desktop\Robocon\program\encoder-zhua\EWARM\spi+pid+pwm\Obj\usart.o
#        --redirect _Printf=_PrintfFull --redirect _Scanf=_ScanfFull -o
#        C:\Users\wangyunxuan\Desktop\Robocon\program\encoder-zhua\EWARM\spi+pid+pwm\Exe\spi+pid+pwm.out
#        --map
#        C:\Users\wangyunxuan\Desktop\Robocon\program\encoder-zhua\EWARM\spi+pid+pwm\List\spi+pid+pwm.map
#        --config
#        C:\Users\wangyunxuan\Desktop\Robocon\program\encoder-zhua\EWARM/stm32f103xe_flash.icf
#        --semihosting --entry __iar_program_start --vfe --text_out locale)
#
###############################################################################

*******************************************************************************
*** RUNTIME MODEL ATTRIBUTES
***

CppFlavor       = *
__Heap_Handler  = NoFree
__SystemLibrary = DLib
__dlib_version  = 6


*******************************************************************************
*** HEAP SELECTION
***

The no free heap was selected because no calls to memory
deallocation functions were found in the application.


*******************************************************************************
*** PLACEMENT SUMMARY
***

"A0":  place at 0x08000000 { ro section .intvec };
"P1":  place in [from 0x08000000 to 0x0807ffff] { ro };
define block CSTACK with size = 1K, alignment = 8 { };
define block HEAP with size = 512, alignment = 8 { };
"P2":  place in [from 0x20000000 to 0x2000ffff] {
          rw, block CSTACK, block HEAP };
initialize by copy { rw };

  Section            Kind        Address    Size  Object
  -------            ----        -------    ----  ------
"A0":                                      0x130
  .intvec            ro code  0x08000000   0x130  startup_stm32f103xe.o [1]
                            - 0x08000130   0x130

"P1":                                     0x7bda
  .text              ro code  0x08000130   0xf96  xprintffull.o [3]
  .text              ro code  0x080010c6    0x7a  lz77_init_single.o [5]
  .text              ro code  0x08001140    0xb0  xlocale_c.o [3]
  .text              ro code  0x080011f0    0x16  strchr.o [5]
  .text              ro code  0x08001206    0x1e  xencoding_8859_1.o [3]
  .text              ro code  0x08001224    0x40  xfail_s.o [3]
  .text              ro code  0x08001264    0x36  strlen.o [5]
  .text              ro code  0x0800129a    0x1a  xsnprout.o [3]
  .text              ro code  0x080012b4    0x58  memchr.o [5]
  .text              ro code  0x0800130c     0xa  xmbcurmax.o [3]
  .text              ro code  0x08001318    0xa6  ABImemcpy.o [5]
  .text              ro code  0x080013c0   0x22e  I64DivMod.o [5]
  .text              ro code  0x080015f0   0x1a2  DblMul.o [4]
  .text              ro code  0x08001794    0x70  frexp.o [4]
  .text              ro code  0x08001804    0x2e  DblCmpLe.o [4]
  .text              ro code  0x08001834    0x2e  DblCmpGe.o [4]
  .text              ro code  0x08001864   0x13a  ldexp.o [4]
  .text              ro code  0x080019a0    0x3a  DblToS32.o [4]
  .text              ro code  0x080019dc    0x22  S32ToDbl.o [4]
  .text              ro code  0x08001a00    0xe2  DblSub.o [4]
  .text              ro code  0x08001ae4   0x246  DblDiv.o [4]
  .text              ro code  0x08001d2c    0x28  DblToU32.o [4]
  .text              ro code  0x08001d54    0x1a  U32ToDbl.o [4]
  .text              ro code  0x08001d6e     0x6  abort.o [3]
  .text              ro code  0x08001d74     0x2  I64DivZer.o [5]
  .text              ro code  0x08001d78   0x178  DblAdd.o [4]
  .text              ro code  0x08001ef0    0x14  exit.o [6]
  .text              ro code  0x08001f04    0x5c  system_stm32f1xx.o [1]
  .text              ro code  0x08001f60   0xb48  pow64.o [4]
  .text              ro code  0x08002aa8    0x20  DblCmpEq.o [4]
  .text              ro code  0x08002ac8   0x39c  iar_Exp64.o [4]
  .text              ro code  0x08002e64   0x770  stm32f1xx_hal_can.o [1]
  .text              ro code  0x080035d4   0x2c8  can.o [1]
  .text              ro code  0x0800389c     0xc  stm32f1xx_hal.o [1]
  .text              ro code  0x080038a8     0x2  stm32f1xx_hal_can.o [1]
  .text              ro code  0x080038ac   0x214  main.o [1]
  .text              ro code  0x08003ac0   0x1e8  stm32f1xx_hal_gpio.o [1]
  .text              ro code  0x08003ca8    0xe4  stm32f1xx_hal_cortex.o [1]
  .text              ro code  0x08003d8c   0x2c8  usart.o [1]
  .text              ro code  0x08004054    0x24  ABIassert.o [6]
  .text              ro code  0x08004078    0x24  stm32f1xx_hal.o [1]
  .text              ro code  0x0800409c   0x100  gpio.o [1]
  .text              ro code  0x0800419c    0x30  dma.o [1]
  .text              ro code  0x080041cc   0x258  tim.o [1]
  .text              ro code  0x08004424   0x144  cmd.o [1]
  .text              ro code  0x08004568   0x388  speed.o [1]
  .text              ro code  0x080048f0   0x4e2  stm32f1xx_hal_rcc.o [1]
  .text              ro code  0x08004dd4   0x5f8  stm32f1xx_hal_uart.o [1]
  .text              ro code  0x080053cc   0x3f2  stm32f1xx_hal_dma.o [1]
  .text              ro code  0x080057c0    0x3c  vsnprint.o [3]
  .text              ro code  0x080057fc    0x40  stm32f1xx_hal.o [1]
  .text              ro code  0x0800583c    0x9c  stm32f1xx_hal_msp.o [1]
  .text              ro code  0x080058d8   0x58a  stm32f1xx_hal_tim.o [1]
  .text              ro code  0x08005e64    0x4a  stm32f1xx_hal_tim_ex.o [1]
  .text              ro code  0x08005eb0    0x44  no_free_heap0.o [3]
  .text              ro code  0x08005ef4     0x6  ABImemclr.o [5]
  .text              ro code  0x08005efc    0x4a  strcmp.o [5]
  .text              ro code  0x08005f48    0x80  FltSub.o [4]
  .text              ro code  0x08005fc8    0xe2  FltAdd.o [4]
  .text              ro code  0x080060ac    0x24  FltCmpGe.o [4]
  .text              ro code  0x080060d0    0x24  FltCmpLe.o [4]
  .text              ro code  0x080060f4    0xd8  FltMul.o [4]
  .text              ro code  0x080061cc    0x24  S32ToFlt.o [4]
  .text              ro code  0x080061f0    0x2a  FltToS32.o [4]
  .text              ro code  0x0800621c    0xfc  FltDiv.o [4]
  .text              ro code  0x08006318    0x48  FltToDbl.o [4]
  .text              ro code  0x08006360    0xf2  sqrt.o [4]
  .text              ro code  0x08006452     0x2  stm32f1xx_hal_uart.o [1]
  .text              ro code  0x08006454     0x2  stm32f1xx_hal_uart.o [1]
  .text              ro code  0x08006458    0x2c  xgetmemchunk.o [3]
  .text              ro code  0x08006484    0x5e  ABImemset.o [5]
  .text              ro code  0x080064e8   0x468  strto64.o [4]
  .text              ro code  0x08006950   0x122  iar_Stopfx.o [3]
  .text              ro code  0x08006a74   0x1c8  iar_Stoflt.o [3]
  .text              ro code  0x08006c3c   0x21c  iar_Stoxflt.o [3]
  .text              ro code  0x08006e58    0x14  isspace.o [3]
  .text              ro code  0x08006e6c    0x14  isalpha.o [3]
  .text              ro code  0x08006e80   0x460  cmd_func.o [1]
  .text              ro code  0x080072e0    0x68  DblToFlt.o [4]
  .text              ro code  0x08007348   0x140  flash.o [1]
  .text              ro code  0x08007488   0x174  iar_Stoulx.o [3]
  .text              ro code  0x080075fc   0x15c  stm32f1xx_hal_flash.o [1]
  .text              ro code  0x08007758    0xd8  stm32f1xx_hal_flash_ex.o [1]
  .text              ro code  0x08007830    0x14  tolower.o [3]
  .text              ro code  0x08007844    0x1e  U64Shr.o [5]
  .text              ro code  0x08007864    0x98  can_func.o [1]
  .text              ro code  0x080078fc    0x40  zero_init3.o [5]
  .text              ro code  0x0800793c    0x3c  stm32f1xx_it.o [1]
  .text              ro code  0x08007978    0x10  stm32f1xx_hal.o [1]
  .text              ro code  0x08007988    0x28  data_init.o [5]
  .iar.init_table    const    0x080079b0    0x20  - Linker created -
  .text              ro code  0x080079d0    0x1e  cmain.o [5]
  .text              ro code  0x080079ee     0x4  low_level_init.o [3]
  .text              ro code  0x080079f2     0x4  exit.o [3]
  .text              ro code  0x080079f8     0xa  cexit.o [5]
  .text              ro code  0x08007a04    0x10  startup_stm32f103xe.o [1]
  .text              ro code  0x08007a14     0xc  cstartup_M.o [5]
  .rodata            const    0x08007a20     0x8  system_stm32f1xx.o [1]
  .rodata            const    0x08007a28     0x6  xlocale_c.o [3]
  .text              ro code  0x08007a2e     0x4  startup_stm32f103xe.o [1]
  .text              ro code  0x08007a32     0x4  startup_stm32f103xe.o [1]
  .text              ro code  0x08007a36     0x4  startup_stm32f103xe.o [1]
  .text              ro code  0x08007a3a     0x4  startup_stm32f103xe.o [1]
  .text              ro code  0x08007a3e     0x4  startup_stm32f103xe.o [1]
  .text              ro code  0x08007a42     0x4  startup_stm32f103xe.o [1]
  .text              ro code  0x08007a46     0x4  startup_stm32f103xe.o [1]
  .text              ro code  0x08007a4a     0x4  startup_stm32f103xe.o [1]
  .text              ro code  0x08007a4e     0x4  startup_stm32f103xe.o [1]
  .text              ro code  0x08007a52     0x4  startup_stm32f103xe.o [1]
  .text              ro code  0x08007a56     0x4  startup_stm32f103xe.o [1]
  .text              ro code  0x08007a5a     0x4  startup_stm32f103xe.o [1]
  .text              ro code  0x08007a5e     0x4  startup_stm32f103xe.o [1]
  .text              ro code  0x08007a62     0x4  startup_stm32f103xe.o [1]
  .text              ro code  0x08007a66     0x4  startup_stm32f103xe.o [1]
  .text              ro code  0x08007a6a     0x4  startup_stm32f103xe.o [1]
  .text              ro code  0x08007a6e     0x4  startup_stm32f103xe.o [1]
  .text              ro code  0x08007a72     0x4  startup_stm32f103xe.o [1]
  .text              ro code  0x08007a76     0x4  startup_stm32f103xe.o [1]
  .text              ro code  0x08007a7a     0x4  startup_stm32f103xe.o [1]
  .text              ro code  0x08007a7e     0x4  startup_stm32f103xe.o [1]
  .text              ro code  0x08007a82     0x4  startup_stm32f103xe.o [1]
  .text              ro code  0x08007a86     0x4  startup_stm32f103xe.o [1]
  .text              ro code  0x08007a8a     0x4  startup_stm32f103xe.o [1]
  .text              ro code  0x08007a8e     0x4  startup_stm32f103xe.o [1]
  .text              ro code  0x08007a92     0x4  startup_stm32f103xe.o [1]
  .text              ro code  0x08007a96     0x4  startup_stm32f103xe.o [1]
  .text              ro code  0x08007a9a     0x4  startup_stm32f103xe.o [1]
  .text              ro code  0x08007a9e     0x4  startup_stm32f103xe.o [1]
  .text              ro code  0x08007aa2     0x4  startup_stm32f103xe.o [1]
  .text              ro code  0x08007aa6     0x4  startup_stm32f103xe.o [1]
  .text              ro code  0x08007aaa     0x4  startup_stm32f103xe.o [1]
  .text              ro code  0x08007aae     0x4  startup_stm32f103xe.o [1]
  .text              ro code  0x08007ab2     0x4  startup_stm32f103xe.o [1]
  .text              ro code  0x08007ab6     0x4  startup_stm32f103xe.o [1]
  .text              ro code  0x08007aba     0x4  startup_stm32f103xe.o [1]
  .text              ro code  0x08007abe     0x4  startup_stm32f103xe.o [1]
  .text              ro code  0x08007ac2     0x4  startup_stm32f103xe.o [1]
  .text              ro code  0x08007ac6     0x4  startup_stm32f103xe.o [1]
  .text              ro code  0x08007aca     0x4  startup_stm32f103xe.o [1]
  .text              ro code  0x08007ace     0x4  startup_stm32f103xe.o [1]
  .text              ro code  0x08007ad2     0x4  startup_stm32f103xe.o [1]
  .text              ro code  0x08007ad6     0x4  startup_stm32f103xe.o [1]
  .text              ro code  0x08007ada     0x4  startup_stm32f103xe.o [1]
  .text              ro code  0x08007ade     0x4  startup_stm32f103xe.o [1]
  .text              ro code  0x08007ae2     0x4  startup_stm32f103xe.o [1]
  .text              ro code  0x08007ae6     0x4  startup_stm32f103xe.o [1]
  .text              ro code  0x08007aea     0x4  startup_stm32f103xe.o [1]
  .text              ro code  0x08007aee     0x4  startup_stm32f103xe.o [1]
  .text              ro code  0x08007af2     0x4  startup_stm32f103xe.o [1]
  .text              ro code  0x08007af6     0x4  startup_stm32f103xe.o [1]
  .text              ro code  0x08007afa     0x4  startup_stm32f103xe.o [1]
  .text              ro code  0x08007afe     0x4  startup_stm32f103xe.o [1]
  .text              ro code  0x08007b02     0x4  startup_stm32f103xe.o [1]
  .text              ro code  0x08007b06     0x4  startup_stm32f103xe.o [1]
  .text              ro code  0x08007b0a     0x4  startup_stm32f103xe.o [1]
  .text              ro code  0x08007b0e     0x4  startup_stm32f103xe.o [1]
  .rodata            const    0x08007b12     0x0  zero_init3.o [5]
  .rodata            const    0x08007b12     0x0  lz77_init_single.o [5]
  Initializer bytes  const    0x08007b12   0x1f8  <for P2-1>
                            - 0x08007d0a  0x7bda

"P2", part 1 of 3:                         0x77c
  P2-1                        0x20000000   0x77c  <Init block>
    .data            inited   0x20000000   0x594  cmd.o [1]
    .data            inited   0x20000594    0x40  speed.o [1]
    .data            inited   0x200005d4     0x4  speed.o [1]
    .data            inited   0x200005d8     0x4  speed.o [1]
    .data            inited   0x200005dc     0x4  speed.o [1]
    .data            inited   0x200005e0    0x24  speed.o [1]
    .data            inited   0x20000604    0x24  speed.o [1]
    .data            inited   0x20000628     0xc  stm32f1xx_hal.o [1]
    .data            inited   0x20000634     0x4  system_stm32f1xx.o [1]
    .data            inited   0x20000638    0xc4  usart.o [1]
    .data            inited   0x200006fc    0x38  xlocale_c.o [3]
    .data            inited   0x20000734    0x48  xlocale_c.o [3]
                            - 0x2000077c   0x77c

"P2", part 2 of 3:                         0x4bc
  .bss               zero     0x2000077c   0x190  can.o [1]
  .bss               zero     0x2000090c    0xc8  usart.o [1]
  .bss               zero     0x200009d4    0xac  can.o [1]
  .bss               zero     0x20000a80    0x44  usart.o [1]
  .bss               zero     0x20000ac4    0x40  tim.o [1]
  .bss               zero     0x20000b04    0x40  tim.o [1]
  .bss               zero     0x20000b44    0x40  tim.o [1]
  .bss               zero     0x20000b84    0x30  cmd.o [1]
  .bss               zero     0x20000bb4    0x24  flash.o [1]
  .bss               zero     0x20000bd8     0x4  can.o [1]
  .bss               zero     0x20000be0    0x20  stm32f1xx_hal_flash.o [1]
  .bss               zero     0x20000c00    0x18  main.o [1]
  .bss               zero     0x20000c18     0x8  can_func.o [1]
  .bss               zero     0x20000c20     0x4  main.o [1]
  .bss               zero     0x20000c24     0x4  speed.o [1]
  .bss               zero     0x20000c28     0x4  speed.o [1]
  .bss               zero     0x20000c2c     0x4  xfail_s.o [3]
  .bss               zero     0x20000c30     0x4  no_free_heap0.o [3]
  .bss               zero     0x20000c34     0x4  xgetmemchunk.o [3]
                            - 0x20000c38   0x4bc

"P2", part 3 of 3:                         0x600
  CSTACK                      0x20000c38   0x400  <Block>
    CSTACK           uninit   0x20000c38   0x400  <Block tail>
  HEAP                        0x20001038   0x200  <Block>
    HEAP             uninit   0x20001038   0x200  <Block tail>
                            - 0x20001238   0x600


*******************************************************************************
*** INIT TABLE
***

          Address     Size
          -------     ----
Zero (__iar_zero_init3)
    1 destination range, total size 0x4bc:
          0x2000077c  0x4bc

Copy/lz77 (__iar_lz77_init_single3)
    1 source range, total size 0x1f8 (26% of destination):
          0x08007b12  0x1f8
    1 destination range, total size 0x77c:
          0x20000000  0x77c



*******************************************************************************
*** MODULE SUMMARY
***

    Module                    ro code  ro data  rw data
    ------                    -------  -------  -------
C:\Users\wangyunxuan\Desktop\Robocon\program\encoder-zhua\EWARM\spi+pid+pwm\Obj: [1]
    can.o                         712               576
    can_func.o                    152                 8
    cmd.o                         324      375    1 476
    cmd_func.o                  1 120
    dma.o                          48
    flash.o                       320                36
    gpio.o                        256
    main.o                        532                28
    speed.o                       904       39      156
    startup_stm32f103xe.o         548
    stm32f1xx_hal.o               128        3       12
    stm32f1xx_hal_can.o         1 906
    stm32f1xx_hal_cortex.o        228
    stm32f1xx_hal_dma.o         1 010
    stm32f1xx_hal_flash.o         348                32
    stm32f1xx_hal_flash_ex.o      216
    stm32f1xx_hal_gpio.o          488
    stm32f1xx_hal_msp.o           156
    stm32f1xx_hal_rcc.o         1 250
    stm32f1xx_hal_tim.o         1 418
    stm32f1xx_hal_tim_ex.o         74
    stm32f1xx_hal_uart.o        1 532
    stm32f1xx_it.o                 60
    system_stm32f1xx.o             92        9        4
    tim.o                         600               192
    usart.o                       712       52      464
    ---------------------------------------------------
    Total:                     15 134      478    2 984

command line: [2]
    ---------------------------------------------------
    Total:

dl7M_tlf.a: [3]
    abort.o                         6
    exit.o                          4
    iar_Stoflt.o                  456
    iar_Stopfx.o                  290
    iar_Stoulx.o                  372
    iar_Stoxflt.o                 540
    isalpha.o                      20
    isspace.o                      20
    low_level_init.o                4
    no_free_heap0.o                68                 4
    tolower.o                      20
    vsnprint.o                     60
    xencoding_8859_1.o             30
    xfail_s.o                      64                 4
    xgetmemchunk.o                 44                 4
    xlocale_c.o                   176       40      128
    xmbcurmax.o                    10
    xprintffull.o               3 990
    xsnprout.o                     26
    ---------------------------------------------------
    Total:                      6 200       40      140

m7M_tl.a: [4]
    DblAdd.o                      376
    DblCmpEq.o                     32
    DblCmpGe.o                     46
    DblCmpLe.o                     46
    DblDiv.o                      582
    DblMul.o                      418
    DblSub.o                      226
    DblToFlt.o                    104
    DblToS32.o                     58
    DblToU32.o                     40
    FltAdd.o                      226
    FltCmpGe.o                     36
    FltCmpLe.o                     36
    FltDiv.o                      252
    FltMul.o                      216
    FltSub.o                      128
    FltToDbl.o                     72
    FltToS32.o                     42
    S32ToDbl.o                     34
    S32ToFlt.o                     36
    U32ToDbl.o                     26
    frexp.o                       112
    iar_Exp64.o                   924
    ldexp.o                       314
    pow64.o                     2 888
    sqrt.o                        242
    strto64.o                   1 128
    ---------------------------------------------------
    Total:                      8 640

rt7M_tl.a: [5]
    ABImemclr.o                     6
    ABImemcpy.o                   166
    ABImemset.o                    94
    I64DivMod.o                   558
    I64DivZer.o                     2
    U64Shr.o                       30
    cexit.o                        10
    cmain.o                        30
    cstartup_M.o                   12
    data_init.o                    40
    lz77_init_single.o            122
    memchr.o                       88
    strchr.o                       22
    strcmp.o                       74
    strlen.o                       54
    zero_init3.o                   64
    ---------------------------------------------------
    Total:                      1 372

shb_l.a: [6]
    ABIassert.o                    36
    exit.o                         20
    ---------------------------------------------------
    Total:                         56

    Gaps                           58                 4
    Linker created                          32    1 536
-------------------------------------------------------
    Grand Total:               31 460      550    4 664


*******************************************************************************
*** ENTRY LIST
***

Entry                      Address   Size  Type      Object
-----                      -------   ----  ----      ------
.iar.init_table$$Base   0x080079b0          --   Gb  - Linker created -
.iar.init_table$$Limit  0x080079d0          --   Gb  - Linker created -
?main                   0x080079d1         Code  Gb  cmain.o [5]
AHBPrescTable           0x08001f50   0x10  Data  Gb  system_stm32f1xx.o [1]
APBPrescTable           0x08007a20    0x8  Data  Gb  system_stm32f1xx.o [1]
BusFault_Handler        0x08007943    0x2  Code  Gb  stm32f1xx_it.o [1]
CAN_FUNC                0x0800399d   0x38  Code  Gb  main.o [1]
CAN_LIST_MATCH          0x08003759   0x2c  Code  Gb  can.o [1]
CAN_Receive_IT          0x080034a1  0x12a  Code  Lc  stm32f1xx_hal_can.o [1]
CSTACK$$Base            0x20000c38          --   Gb  - Linker created -
CSTACK$$Limit           0x20001038          --   Gb  - Linker created -
CacheMore               0x08001181   0x24  Code  Lc  xlocale_c.o [3]
Configure_Filter        0x080036ad   0x28  Code  Gb  can.o [1]
DMA1_Channel4_IRQHandler
                        0x08007967    0x6  Code  Gb  stm32f1xx_it.o [1]
DMA_SetConfig           0x0800579d   0x22  Code  Lc  stm32f1xx_hal_dma.o [1]
DebugMon_Handler        0x08007949    0x2  Code  Gb  stm32f1xx_it.o [1]
Dtentox                 0x080065f5  0x18c  Code  Lc  strto64.o [4]
FLASH_MassErase         0x080077e9   0x1a  Code  Lc  stm32f1xx_hal_flash_ex.o [1]
FLASH_PageErase         0x0800780b   0x1c  Code  Gb  stm32f1xx_hal_flash_ex.o [1]
FLASH_Program_HalfWord  0x08007693   0x16  Code  Lc  stm32f1xx_hal_flash.o [1]
FLASH_SetErrorCode      0x080076f9   0x44  Code  Lc  stm32f1xx_hal_flash.o [1]
FLASH_WaitForLastOperation
                        0x080076a9   0x50  Code  Gb  stm32f1xx_hal_flash.o [1]
HAL_CAN_ConfigFilter    0x08002f49   0xb0  Code  Gb  stm32f1xx_hal_can.o [1]
HAL_CAN_ErrorCallback   0x08003793    0xc  Code  Gb  can.o [1]
HAL_CAN_IRQHandler      0x08003299  0x1f0  Code  Gb  stm32f1xx_hal_can.o [1]
HAL_CAN_Init            0x08002e65   0xe4  Code  Gb  stm32f1xx_hal_can.o [1]
HAL_CAN_MspInit         0x0800361d   0x62  Code  Gb  can.o [1]
HAL_CAN_Receive_IT      0x080031cb   0xb2  Code  Gb  stm32f1xx_hal_can.o [1]
HAL_CAN_RxCpltCallback  0x08003785    0xe  Code  Gb  can.o [1]
HAL_CAN_Transmit        0x08003019  0x1a6  Code  Gb  stm32f1xx_hal_can.o [1]
HAL_DMA_Abort_IT        0x080054c7   0xdc  Code  Gb  stm32f1xx_hal_dma.o [1]
HAL_DMA_IRQHandler      0x080055a3  0x1b4  Code  Gb  stm32f1xx_hal_dma.o [1]
HAL_DMA_Init            0x080053cd   0x78  Code  Gb  stm32f1xx_hal_dma.o [1]
HAL_DMA_Start_IT        0x08005453   0x74  Code  Gb  stm32f1xx_hal_dma.o [1]
HAL_FLASHEx_Erase       0x08007759   0x90  Code  Gb  stm32f1xx_hal_flash_ex.o [1]
HAL_FLASH_Lock          0x08007685    0x8  Code  Gb  stm32f1xx_hal_flash.o [1]
HAL_FLASH_Program       0x080075fd   0x6c  Code  Gb  stm32f1xx_hal_flash.o [1]
HAL_FLASH_Unlock        0x08007669   0x1c  Code  Gb  stm32f1xx_hal_flash.o [1]
HAL_GPIO_Init           0x08003ac1  0x196  Code  Gb  stm32f1xx_hal_gpio.o [1]
HAL_GPIO_TogglePin      0x08003c63    0x8  Code  Gb  stm32f1xx_hal_gpio.o [1]
HAL_GPIO_WritePin       0x08003c57    0xc  Code  Gb  stm32f1xx_hal_gpio.o [1]
HAL_GetTick             0x0800389d    0xc  Code  Wk  stm32f1xx_hal.o [1]
HAL_IncTick             0x08007979   0x10  Code  Wk  stm32f1xx_hal.o [1]
HAL_Init                0x08004079   0x20  Code  Gb  stm32f1xx_hal.o [1]
HAL_InitTick            0x080057fd   0x40  Code  Wk  stm32f1xx_hal.o [1]
HAL_MspInit             0x0800583d   0x9c  Code  Gb  stm32f1xx_hal_msp.o [1]
HAL_NVIC_EnableIRQ      0x08003d1b    0xa  Code  Gb  stm32f1xx_hal_cortex.o [1]
HAL_NVIC_SetPriority    0x08003ce1   0x3a  Code  Gb  stm32f1xx_hal_cortex.o [1]
HAL_NVIC_SetPriorityGrouping
                        0x08003cc7   0x1a  Code  Gb  stm32f1xx_hal_cortex.o [1]
HAL_RCC_ClockConfig     0x08004c0d  0x10c  Code  Gb  stm32f1xx_hal_rcc.o [1]
HAL_RCC_GetHCLKFreq     0x08004d69    0x6  Code  Gb  stm32f1xx_hal_rcc.o [1]
HAL_RCC_GetPCLK1Freq    0x08004d6f   0x10  Code  Gb  stm32f1xx_hal_rcc.o [1]
HAL_RCC_GetPCLK2Freq    0x08004d7f    0xe  Code  Gb  stm32f1xx_hal_rcc.o [1]
HAL_RCC_GetSysClockFreq
                        0x08004d2d   0x3c  Code  Gb  stm32f1xx_hal_rcc.o [1]
HAL_RCC_GetSysClockFreq::aPLLMULFactorTable
                        0x08004dc0   0x10  Data  Lc  stm32f1xx_hal_rcc.o [1]
HAL_RCC_GetSysClockFreq::aPredivFactorTable
                        0x08004dd0    0x2  Data  Lc  stm32f1xx_hal_rcc.o [1]
HAL_RCC_OscConfig       0x080048f1  0x314  Code  Gb  stm32f1xx_hal_rcc.o [1]
HAL_SYSTICK_CLKSourceConfig
                        0x08003d57   0x1a  Code  Gb  stm32f1xx_hal_cortex.o [1]
HAL_SYSTICK_Callback    0x0800468b   0x66  Code  Gb  speed.o [1]
HAL_SYSTICK_Callback::time_1ms_cnt
                        0x200005c0    0x4  Data  Lc  speed.o [1]
HAL_SYSTICK_Config      0x08003d2f   0x28  Code  Gb  stm32f1xx_hal_cortex.o [1]
HAL_SYSTICK_IRQHandler  0x08003d89    0x4  Code  Gb  stm32f1xx_hal_cortex.o [1]
HAL_TIMEx_MasterConfigSynchronization
                        0x08005e65   0x4a  Code  Gb  stm32f1xx_hal_tim_ex.o [1]
HAL_TIM_Base_Init       0x080058d9   0x1a  Code  Gb  stm32f1xx_hal_tim.o [1]
HAL_TIM_Base_MspInit    0x0800439b   0x22  Code  Gb  tim.o [1]
HAL_TIM_ConfigClockSource
                        0x08005b1d   0xac  Code  Gb  stm32f1xx_hal_tim.o [1]
HAL_TIM_Encoder_Init    0x0800596f   0x88  Code  Gb  stm32f1xx_hal_tim.o [1]
HAL_TIM_Encoder_MspInit
                        0x080042c7   0x32  Code  Gb  tim.o [1]
HAL_TIM_Encoder_Start   0x08005a01   0x16  Code  Gb  stm32f1xx_hal_tim.o [1]
HAL_TIM_MspPostInit     0x0800431b   0x1a  Code  Gb  tim.o [1]
HAL_TIM_PWM_ConfigChannel
                        0x08005a35   0xc0  Code  Gb  stm32f1xx_hal_tim.o [1]
HAL_TIM_PWM_Init        0x0800591d   0x1a  Code  Gb  stm32f1xx_hal_tim.o [1]
HAL_TIM_PWM_MspInit     0x080042f9   0x22  Code  Gb  tim.o [1]
HAL_TIM_PWM_Start       0x08005937   0x14  Code  Gb  stm32f1xx_hal_tim.o [1]
HAL_UART_ErrorCallback  0x08003edb    0xe  Code  Gb  usart.o [1]
HAL_UART_IRQHandler     0x08004fdd  0x152  Code  Gb  stm32f1xx_hal_uart.o [1]
HAL_UART_Init           0x08004dd5   0x1e  Code  Gb  stm32f1xx_hal_uart.o [1]
HAL_UART_MspInit        0x08003dd1   0x86  Code  Gb  usart.o [1]
HAL_UART_Receive_IT     0x08004eff   0x54  Code  Gb  stm32f1xx_hal_uart.o [1]
HAL_UART_RxCpltCallback
                        0x08003e83   0x58  Code  Gb  usart.o [1]
HAL_UART_Transmit       0x08004e4d   0xaa  Code  Gb  stm32f1xx_hal_uart.o [1]
HAL_UART_Transmit_DMA   0x08004f59   0x78  Code  Gb  stm32f1xx_hal_uart.o [1]
HEAP$$Base              0x20001038          --   Gb  - Linker created -
HEAP$$Limit             0x20001238          --   Gb  - Linker created -
HardFault_Handler       0x0800793f    0x2  Code  Gb  stm32f1xx_it.o [1]
LoadInt                 0x0800031f   0x7a  Code  Lc  xprintffull.o [3]
MX_CAN1_Init            0x080035d5   0x48  Code  Gb  can.o [1]
MX_DMA_Init             0x0800419d   0x30  Code  Gb  dma.o [1]
MX_GPIO_Init            0x0800409d   0xd8  Code  Gb  gpio.o [1]
MX_TIM1_Init            0x0800433d   0x5e  Code  Gb  tim.o [1]
MX_TIM2_Init            0x080041cd   0x60  Code  Gb  tim.o [1]
MX_TIM4_Init            0x0800422d   0x86  Code  Gb  tim.o [1]
MX_USART1_UART_Init     0x08003d8d   0x44  Code  Gb  usart.o [1]
MemManage_Handler       0x08007941    0x2  Code  Gb  stm32f1xx_it.o [1]
NMI_Handler             0x0800793d    0x2  Code  Gb  stm32f1xx_it.o [1]
NVIC_SetPriority        0x08003ca9   0x1e  Code  Lc  stm32f1xx_hal_cortex.o [1]
PendSV_Handler          0x0800794b    0x2  Code  Gb  stm32f1xx_it.o [1]
Region$$Table$$Base     0x080079b0          --   Gb  - Linker created -
Region$$Table$$Limit    0x080079d0          --   Gb  - Linker created -
RxMessage               0x20000a5c   0x24  Data  Lc  can.o [1]
SVC_Handler             0x08007947    0x2  Code  Gb  stm32f1xx_it.o [1]
SysTick_Handler         0x0800794d    0xe  Code  Gb  stm32f1xx_it.o [1]
SystemClock_Config      0x0800392b   0x72  Code  Gb  main.o [1]
SystemCoreClock         0x20000634    0x4  Data  Gb  system_stm32f1xx.o [1]
SystemInit              0x08001f05   0x3a  Code  Gb  system_stm32f1xx.o [1]
TIM_Base_SetConfig      0x08005bfd   0x74  Code  Gb  stm32f1xx_hal_tim.o [1]
TIM_CCxChannelCmd       0x08005e4b   0x12  Code  Gb  stm32f1xx_hal_tim.o [1]
TIM_ETR_SetConfig       0x08005e37   0x14  Code  Lc  stm32f1xx_hal_tim.o [1]
TIM_ITRx_SetConfig      0x08005e27   0x10  Code  Lc  stm32f1xx_hal_tim.o [1]
TIM_OC1_SetConfig       0x08005c71   0x52  Code  Lc  stm32f1xx_hal_tim.o [1]
TIM_OC2_SetConfig       0x08005cc3   0x60  Code  Gb  stm32f1xx_hal_tim.o [1]
TIM_OC3_SetConfig       0x08005d23   0x58  Code  Lc  stm32f1xx_hal_tim.o [1]
TIM_OC4_SetConfig       0x08005d87   0x46  Code  Lc  stm32f1xx_hal_tim.o [1]
TIM_TI1_ConfigInputStage
                        0x08005de5   0x1e  Code  Lc  stm32f1xx_hal_tim.o [1]
TIM_TI2_ConfigInputStage
                        0x08005e03   0x24  Code  Lc  stm32f1xx_hal_tim.o [1]
TxMessage               0x20000a40   0x1c  Data  Lc  can.o [1]
UART_DMAAbortOnError    0x08005241    0xc  Code  Lc  stm32f1xx_hal_uart.o [1]
UART_DMAError           0x08005165   0x4a  Code  Lc  stm32f1xx_hal_uart.o [1]
UART_DMATransmitCplt    0x08005131   0x2a  Code  Lc  stm32f1xx_hal_uart.o [1]
UART_DMATxHalfCplt      0x0800515d    0x6  Code  Lc  stm32f1xx_hal_uart.o [1]
UART_EndRxTransfer      0x08005225   0x1c  Code  Lc  stm32f1xx_hal_uart.o [1]
UART_EndTxTransfer      0x08005213   0x12  Code  Lc  stm32f1xx_hal_uart.o [1]
UART_Receive_IT         0x0800524d   0x96  Code  Lc  stm32f1xx_hal_uart.o [1]
UART_SetConfig          0x080052e3   0xde  Code  Lc  stm32f1xx_hal_uart.o [1]
UART_WaitOnFlagUntilTimeout
                        0x080051af   0x56  Code  Lc  stm32f1xx_hal_uart.o [1]
USART1_IRQHandler       0x08007961    0x6  Code  Gb  stm32f1xx_it.o [1]
USART_RX_BUF            0x2000090c   0xc8  Data  Gb  usart.o [1]
USART_RX_STA            0x20000652    0x2  Data  Gb  usart.o [1]
USB_LP_CAN1_RX0_IRQHandler
                        0x0800795b    0x6  Code  Gb  stm32f1xx_it.o [1]
UsageFault_Handler      0x08007945    0x2  Code  Gb  stm32f1xx_it.o [1]
_Encoding_8859_1_Mbrlen
                        0x08001219    0x2  Code  Gb  xencoding_8859_1.o [3]
_Encoding_8859_1_Wctomb
                        0x08001207   0x12  Code  Gb  xencoding_8859_1.o [3]
_Error_Handler          0x08003ab3    0x2  Code  Gb  main.o [1]
_GenldFull              0x08000da1  0x274  Code  Lc  xprintffull.o [3]
_LdtobFull              0x08000975  0x3fe  Code  Lc  xprintffull.o [3]
_LitobFull              0x0800081d  0x112  Code  Lc  xprintffull.o [3]
_LocaleC_isalpha        0x08001147    0xc  Code  Gb  xlocale_c.o [3]
_LocaleC_islower        0x08001141    0x4  Code  Gb  xlocale_c.o [3]
_LocaleC_isspace        0x0800115d   0x14  Code  Gb  xlocale_c.o [3]
_LocaleC_isupper        0x08001145    0x2  Code  Gb  xlocale_c.o [3]
_LocaleC_tolower        0x08001171    0xc  Code  Gb  xlocale_c.o [3]
_Locale_lconv           0x200006fc   0x38  Data  Lc  xlocale_c.o [3]
_PrintfFull             0x08000131  0x1d6  Code  Gb  xprintffull.o [3]
_PutcharsFull           0x08001015   0x2e  Code  Lc  xprintffull.o [3]
_PutfldFull             0x08000399  0x2d0  Code  Lc  xprintffull.o [3]
_PutstrFull             0x0800075f   0xbe  Code  Lc  xprintffull.o [3]
_PuttxtFull             0x08000669   0xf6  Code  Lc  xprintffull.o [3]
_SNProut                0x0800129b   0x1a  Code  Gb  xsnprout.o [3]
__aeabi_assert          0x08004055   0x24  Code  Gb  ABIassert.o [6]
__aeabi_cdcmpeq         0x08002aa9         Code  Gb  DblCmpEq.o [4]
__aeabi_cdcmple         0x08001805         Code  Gb  DblCmpLe.o [4]
__aeabi_cdrcmple        0x08001835         Code  Gb  DblCmpGe.o [4]
__aeabi_cfcmple         0x080060d1         Code  Gb  FltCmpLe.o [4]
__aeabi_cfrcmple        0x080060ad         Code  Gb  FltCmpGe.o [4]
__aeabi_d2f             0x080072e1         Code  Gb  DblToFlt.o [4]
__aeabi_d2iz            0x080019a1         Code  Gb  DblToS32.o [4]
__aeabi_d2uiz           0x08001d2d         Code  Gb  DblToU32.o [4]
__aeabi_dadd            0x08001d79         Code  Gb  DblAdd.o [4]
__aeabi_ddiv            0x08001ae5         Code  Gb  DblDiv.o [4]
__aeabi_dmul            0x080015f1         Code  Gb  DblMul.o [4]
__aeabi_dsub            0x08001a01         Code  Gb  DblSub.o [4]
__aeabi_f2d             0x08006319         Code  Gb  FltToDbl.o [4]
__aeabi_f2iz            0x080061f1         Code  Gb  FltToS32.o [4]
__aeabi_fadd            0x08005fc9         Code  Gb  FltAdd.o [4]
__aeabi_fdiv            0x0800621d         Code  Gb  FltDiv.o [4]
__aeabi_fmul            0x080060f5         Code  Gb  FltMul.o [4]
__aeabi_fsub            0x08005f49         Code  Gb  FltSub.o [4]
__aeabi_i2d             0x080019dd         Code  Gb  S32ToDbl.o [4]
__aeabi_i2f             0x080061cd         Code  Gb  S32ToFlt.o [4]
__aeabi_ldiv0           0x08001d75         Code  Gb  I64DivZer.o [5]
__aeabi_llsr            0x08007845         Code  Gb  U64Shr.o [5]
__aeabi_memclr          0x08005ef5         Code  Gb  ABImemclr.o [5]
__aeabi_memcpy          0x08001319         Code  Gb  ABImemcpy.o [5]
__aeabi_memcpy4         0x08001339         Code  Gb  ABImemcpy.o [5]
__aeabi_memcpy8         0x08001339         Code  Gb  ABImemcpy.o [5]
__aeabi_ui2d            0x08001d55         Code  Gb  U32ToDbl.o [4]
__aeabi_uldivmod        0x080013c1         Code  Gb  I64DivMod.o [5]
__cmain                 0x080079d1         Code  Gb  cmain.o [5]
__data_GetMemChunk      0x08006459   0x2c  Code  Gb  xgetmemchunk.o [3]
__data_GetMemChunk::start
                        0x20000c34    0x4  Data  Lc  xgetmemchunk.o [3]
__exit                  0x08001ef1   0x14  Code  Gb  exit.o [6]
__iar_Exp64             0x08002ac9  0x348  Code  Gb  iar_Exp64.o [4]
__iar_Fail_s            0x08001225   0x1c  Code  Gb  xfail_s.o [3]
__iar_Mbcurmax          0x0800130d    0xa  Code  Gb  xmbcurmax.o [3]
__iar_Memchr            0x080012b5         Code  Gb  memchr.o [5]
__iar_Memset_word       0x08006485         Code  Gb  ABImemset.o [5]
__iar_Pow64             0x08001f61  0x690  Code  Lc  pow64.o [4]
__iar_Sto64             0x08006781  0x154  Code  Gb  strto64.o [4]
__iar_Stoflt            0x08006a75  0x1c8  Code  Gb  iar_Stoflt.o [3]
__iar_Stopfx            0x08006951  0x122  Code  Gb  iar_Stopfx.o [3]
__iar_Stoulx            0x08007489  0x112  Code  Gb  iar_Stoulx.o [3]
__iar_Stoxflt           0x08006c3d  0x1e6  Code  Gb  iar_Stoxflt.o [3]
__iar_Stoxflt::digits   0x08006e28   0x18  Data  Lc  iar_Stoxflt.o [3]
__iar_Stoxflt::vals     0x08006e40   0x18  Data  Lc  iar_Stoxflt.o [3]
__iar_Strchr            0x080011f1         Code  Gb  strchr.o [5]
__iar_dadd              0x08001a11         Code  Gb  DblSub.o [4]
__iar_data_init3        0x08007989   0x28  Code  Gb  data_init.o [5]
__iar_dsub              0x08001d89         Code  Gb  DblAdd.o [4]
__iar_dsubStart         0x08001d9b         Code  Gb  DblAdd.o [4]
__iar_fadd              0x08005f55         Code  Gb  FltSub.o [4]
__iar_frexp             0x080017a1         Code  Gb  frexp.o [4]
__iar_frexp64           0x08001795         Code  Gb  frexp.o [4]
__iar_frexpl            0x080017a1         Code  Gb  frexp.o [4]
__iar_fsub              0x08005fd5         Code  Gb  FltAdd.o [4]
__iar_fsubStart         0x08005fe5         Code  Gb  FltAdd.o [4]
__iar_globLocale        0x20000734   0x48  Data  Lc  xlocale_c.o [3]
__iar_global_Locale     0x0800117d    0x4  Code  Gb  xlocale_c.o [3]
__iar_ldexp64           0x08001865         Code  Gb  ldexp.o [4]
__iar_lz77_init_single3
                        0x080010c7   0x7a  Code  Gb  lz77_init_single.o [5]
__iar_pow64             0x08002679    0xc  Code  Gb  pow64.o [4]
__iar_pow_medium        0x08002679    0xc  Code  Gb  pow64.o [4]
__iar_pow_medium64      0x08002679    0xc  Code  Gb  pow64.o [4]
__iar_pow_mediuml       0x08002679    0xc  Code  Gb  pow64.o [4]
__iar_program_start     0x08007a15         Code  Gb  cstartup_M.o [5]
__iar_scalbln64         0x08001865         Code  Gb  ldexp.o [4]
__iar_scalbn64          0x08001865         Code  Gb  ldexp.o [4]
__iar_sqrt64            0x08006361         Code  Gb  sqrt.o [4]
__iar_systems$$module {Abs}
                        0x00000001         Data  Gb  command line/config [2]
__iar_zero_init3        0x080078fd   0x40  Code  Gb  zero_init3.o [5]
__low_level_init        0x080079ef    0x4  Code  Gb  low_level_init.o [3]
__no_free_malloc        0x08005eb1   0x40  Code  Gb  no_free_heap0.o [3]
__vector_table          0x08000000         Data  Gb  startup_stm32f103xe.o [1]
_call_main              0x080079dd         Code  Gb  cmain.o [5]
_exit                   0x080079f9         Code  Gb  cexit.o [5]
_gLocale_mblen          0x080011dd    0x4  Code  Gb  xlocale_c.o [3]
_gLocale_mblenInt       0x080011a5   0x34  Code  Gb  xlocale_c.o [3]
_gLocale_wctomb         0x080011e1    0x4  Code  Gb  xlocale_c.o [3]
_gLocale_wctombInt      0x080011d9    0x4  Code  Gb  xlocale_c.o [3]
_main                   0x080079eb         Code  Gb  cmain.o [5]
aRxBuffer               0x20000650    0x1  Data  Gb  usart.o [1]
abort                   0x08001d6f    0x6  Code  Gb  abort.o [3]
acc_calculate_speed     0x08004713   0xb6  Code  Gb  speed.o [1]
angle_B                 0x200005dc    0x4  Data  Gb  speed.o [1]
angle_K                 0x200005d8    0x4  Data  Gb  speed.o [1]
arm_handle_ctrl         0x080039d5   0xbe  Code  Gb  main.o [1]
arm_handle_ctrl::arm_state
                        0x20000c14    0x4  Data  Lc  main.o [1]
arm_last_position       0x200005c4    0x4  Data  Gb  speed.o [1]
arm_msg                 0x20000c00   0x14  Data  Gb  main.o [1]
arm_target_position     0x200005c8    0x4  Data  Gb  speed.o [1]
atof                    0x08006901    0x8  Code  Gb  strto64.o [4]
atoi                    0x080075a1    0x2  Code  Gb  iar_Stoulx.o [3]
buf_flag                0x200005b8    0x4  Data  Gb  speed.o [1]
buf_position            0x200005a4    0x4  Data  Gb  speed.o [1]
callback                0x08007865   0x52  Code  Gb  can_func.o [1]
canList                 0x2000077c  0x190  Data  Gb  can.o [1]
can_RX_data             0x20000c18    0x8  Data  Gb  can_func.o [1]
can_add_callback        0x08003705   0x54  Code  Gb  can.o [1]
can_add_func            0x080037bb   0x66  Code  Gb  can.o [1]
can_init                0x08003681   0x2c  Code  Gb  can.o [1]
can_send_msg            0x080036d5   0x2e  Code  Gb  can.o [1]
canlistnum              0x20000bd8    0x4  Data  Lc  can.o [1]
cmd_angle_KB_func       0x08006fe3   0x36  Code  Gb  cmd_func.o [1]
cmd_argv                0x20000b84   0x30  Data  Gb  cmd.o [1]
cmd_arm_run_func        0x0800715b   0x1a  Code  Gb  cmd_func.o [1]
cmd_exec                0x0800449f   0x3c  Code  Gb  cmd.o [1]
cmd_hello_func          0x08006e81   0x16  Code  Gb  cmd_func.o [1]
cmd_help_func           0x080044e9   0x3c  Code  Gb  cmd.o [1]
cmd_init                0x08004425   0x18  Code  Gb  cmd.o [1]
cmd_parse               0x0800443d   0x62  Code  Gb  cmd.o [1]
cmd_position_func       0x08006f1d   0x2a  Code  Gb  cmd_func.o [1]
cmd_position_mode_func  0x08006f51   0x10  Code  Gb  cmd_func.o [1]
cmd_position_pid_func   0x08006f61   0x66  Code  Gb  cmd_func.o [1]
cmd_read_flash_func     0x080070f3    0x4  Code  Gb  cmd_func.o [1]
cmd_read_pos_func       0x080070f9   0x1a  Code  Gb  cmd_func.o [1]
cmd_set_arm_position_func
                        0x08007141   0x1a  Code  Gb  cmd_func.o [1]
cmd_set_param_func      0x08007175   0x22  Code  Gb  cmd_func.o [1]
cmd_speed_func          0x08006e97   0x14  Code  Gb  cmd_func.o [1]
cmd_speed_mode_func     0x08006eab   0x10  Code  Gb  cmd_func.o [1]
cmd_speed_pid_func      0x08006ebb   0x62  Code  Gb  cmd_func.o [1]
cmd_target_angle_func   0x0800701f   0x14  Code  Gb  cmd_func.o [1]
cmd_tbl                 0x20000000  0x594  Data  Lc  cmd.o [1]
cmd_time_interval_func  0x08007115   0x1a  Code  Gb  cmd_func.o [1]
cmd_write_flash_func    0x08007035   0xb8  Code  Gb  cmd_func.o [1]
ddiv                    0x08006563   0x7a  Code  Lc  strto64.o [4]
digits                  0x080075ac   0x28  Data  Lc  iar_Stoulx.o [3]
dmul                    0x080064e9   0x7a  Code  Lc  strto64.o [4]
exit                    0x080079f3    0x4  Code  Gb  exit.o [3]
f_goflag                0x200005cc    0x4  Data  Gb  speed.o [1]
flash_data              0x20000bb4   0x24  Data  Gb  flash.o [1]
frexp                   0x08001795         Code  Gb  frexp.o [4]
frexpl                  0x08001795         Code  Gb  frexp.o [4]
hcan1                   0x200009d4   0x44  Data  Gb  can.o [1]
hdma_usart1_tx          0x20000a80   0x44  Data  Gb  usart.o [1]
htim1                   0x20000ac4   0x40  Data  Gb  tim.o [1]
htim2                   0x20000b04   0x40  Data  Gb  tim.o [1]
htim4                   0x20000b44   0x40  Data  Gb  tim.o [1]
huart1                  0x20000654   0x40  Data  Gb  usart.o [1]
init_position_PID       0x08004609   0x14  Code  Gb  speed.o [1]
init_speed_PID          0x0800459d    0xe  Code  Gb  speed.o [1]
isalpha                 0x08006e6d   0x14  Code  Gb  isalpha.o [3]
isspace                 0x08006e59   0x14  Code  Gb  isspace.o [3]
judge_range             0x200005d0    0x4  Data  Gb  speed.o [1]
ldexp                   0x08001865         Code  Gb  ldexp.o [4]
ldexpl                  0x08001865         Code  Gb  ldexp.o [4]
lnbias                  0x08002688  0x420  Data  Lc  pow64.o [4]
load_prams              0x080073ad   0x62  Code  Gb  flash.o [1]
localeconv              0x080011e5    0x4  Code  Gb  xlocale_c.o [3]
main                    0x080038ad   0x7e  Code  Gb  main.o [1]
main_flag               0x20000c20    0x4  Data  Gb  main.o [1]
memchr                  0x080012b5         Code  Gb  memchr.o [5]
ndigs                   0x080075d4   0x28  Data  Lc  iar_Stoulx.o [3]
now_position            0x200005a0    0x4  Data  Gb  speed.o [1]
now_speed               0x20000598    0x4  Data  Gb  speed.o [1]
pFlash                  0x20000be0   0x20  Data  Gb  stm32f1xx_hal_flash.o [1]
param_a                 0x200005ac    0x4  Data  Gb  speed.o [1]
param_b                 0x200005b0    0x4  Data  Gb  speed.o [1]
position_D              0x20000624    0x4  Data  Gb  speed.o [1]
position_D_out          0x20000618    0x4  Data  Gb  speed.o [1]
position_I              0x20000620    0x4  Data  Gb  speed.o [1]
position_I_out          0x20000614    0x4  Data  Gb  speed.o [1]
position_P              0x2000061c    0x4  Data  Gb  speed.o [1]
position_PID_Control    0x0800461d   0x5c  Code  Gb  speed.o [1]
position_P_out          0x20000610    0x4  Data  Gb  speed.o [1]
position_err            0x20000604    0x4  Data  Gb  speed.o [1]
position_inter          0x20000608    0x4  Data  Gb  speed.o [1]
position_last_err       0x2000060c    0x4  Data  Gb  speed.o [1]
position_mode           0x20000c28    0x4  Data  Gb  speed.o [1]
pow                     0x08002679    0xc  Code  Gb  pow64.o [4]
powl                    0x08002679    0xc  Code  Gb  pow64.o [4]
pows                    0x08006908   0x48  Data  Lc  strto64.o [4]
qs                      0x20000c30    0x4  Data  Lc  no_free_heap0.o [3]
raise_arm               0x080047f1   0xac  Code  Gb  speed.o [1]
read_speed_position     0x080046f1   0x22  Code  Gb  speed.o [1]
real_target_speed       0x200005b4    0x4  Data  Gb  speed.o [1]
s                       0x20000638   0x18  Data  Gb  usart.o [1]
sFilterConfig           0x20000a18   0x28  Data  Gb  can.o [1]
scalbln                 0x08001865         Code  Gb  ldexp.o [4]
scalblnl                0x08001865         Code  Gb  ldexp.o [4]
scalbn                  0x08001865         Code  Gb  ldexp.o [4]
scalbnl                 0x08001865         Code  Gb  ldexp.o [4]
scale                   0x0800092f   0x46  Code  Lc  xprintffull.o [3]
sec_hand                0x20000c2c    0x4  Data  Lc  xfail_s.o [3]
send_wave               0x08003f5d   0x4a  Code  Gb  usart.o [1]
set_speed               0x08004569   0x34  Code  Gb  speed.o [1]
set_speed_position      0x0800489d   0x14  Code  Gb  speed.o [1]
speed_D                 0x200005e8    0x4  Data  Gb  speed.o [1]
speed_D_out             0x20000600    0x4  Data  Gb  speed.o [1]
speed_I                 0x200005e4    0x4  Data  Gb  speed.o [1]
speed_I_out             0x200005fc    0x4  Data  Gb  speed.o [1]
speed_P                 0x200005e0    0x4  Data  Gb  speed.o [1]
speed_PID_Control       0x080045ab   0x5e  Code  Gb  speed.o [1]
speed_P_out             0x200005f8    0x4  Data  Gb  speed.o [1]
speed_err               0x200005ec    0x4  Data  Gb  speed.o [1]
speed_inter             0x200005f0    0x4  Data  Gb  speed.o [1]
speed_last_err          0x200005f4    0x4  Data  Gb  speed.o [1]
speed_mode              0x20000c24    0x4  Data  Gb  speed.o [1]
sqrt                    0x08006361         Code  Gb  sqrt.o [4]
sqrtl                   0x08006361         Code  Gb  sqrt.o [4]
strchr                  0x080011f1         Code  Gb  strchr.o [5]
strcmp                  0x08005efd         Code  Gb  strcmp.o [5]
strlen                  0x08001265         Code  Gb  strlen.o [5]
target_angle            0x200005d4    0x4  Data  Gb  speed.o [1]
target_position         0x2000059c    0x4  Data  Gb  speed.o [1]
target_speed            0x20000594    0x4  Data  Gb  speed.o [1]
time1_flag              0x200005bc    0x4  Data  Gb  speed.o [1]
time_interval           0x200005a8    0x4  Data  Gb  speed.o [1]
tolower                 0x08007831   0x14  Code  Gb  tolower.o [3]
uart_buffer             0x20000694   0x68  Data  Gb  usart.o [1]
uprintf                 0x08003e57   0x2c  Code  Gb  usart.o [1]
usart_exc               0x08003eed   0x70  Code  Gb  usart.o [1]
uwTick                  0x2000062c    0x4  Data  Gb  stm32f1xx_hal.o [1]
uwTickFreq              0x20000628    0x1  Data  Gb  stm32f1xx_hal.o [1]
uwTickPrio              0x20000630    0x4  Data  Gb  stm32f1xx_hal.o [1]
vsnprintf               0x080057c1   0x3c  Code  Gb  vsnprint.o [3]
write_prams             0x08007349   0x62  Code  Gb  flash.o [1]


[1] = C:\Users\wangyunxuan\Desktop\Robocon\program\encoder-zhua\EWARM\spi+pid+pwm\Obj
[2] = command line
[3] = dl7M_tlf.a
[4] = m7M_tl.a
[5] = rt7M_tl.a
[6] = shb_l.a

  31 460 bytes of readonly  code memory
     550 bytes of readonly  data memory
   4 664 bytes of readwrite data memory

Errors: none
Warnings: none
