###############################################################################
#
# IAR ELF Linker V8.22.1.15669/W32 for ARM                31/Dec/2018  15:29:47
# Copyright 2007-2018 IAR Systems AB.
#
#    Output file  =  
#        C:\Users\wangyunxuan\Desktop\Robocon\program\encoder-head\EWARM\spi+pid+pwm\Exe\spi+pid+pwm.out
#    Map file     =  
#        C:\Users\wangyunxuan\Desktop\Robocon\program\encoder-head\EWARM\spi+pid+pwm\List\spi+pid+pwm.map
#    Command line =  
#        -f C:\Users\WANGYU~1\AppData\Local\Temp\EWC316.tmp
#        (C:\Users\wangyunxuan\Desktop\Robocon\program\encoder-head\EWARM\spi+pid+pwm\Obj\can.o
#        C:\Users\wangyunxuan\Desktop\Robocon\program\encoder-head\EWARM\spi+pid+pwm\Obj\can_func.o
#        C:\Users\wangyunxuan\Desktop\Robocon\program\encoder-head\EWARM\spi+pid+pwm\Obj\cmd.o
#        C:\Users\wangyunxuan\Desktop\Robocon\program\encoder-head\EWARM\spi+pid+pwm\Obj\cmd_func.o
#        C:\Users\wangyunxuan\Desktop\Robocon\program\encoder-head\EWARM\spi+pid+pwm\Obj\dma.o
#        C:\Users\wangyunxuan\Desktop\Robocon\program\encoder-head\EWARM\spi+pid+pwm\Obj\flash.o
#        C:\Users\wangyunxuan\Desktop\Robocon\program\encoder-head\EWARM\spi+pid+pwm\Obj\gpio.o
#        C:\Users\wangyunxuan\Desktop\Robocon\program\encoder-head\EWARM\spi+pid+pwm\Obj\imitate_spi.o
#        C:\Users\wangyunxuan\Desktop\Robocon\program\encoder-head\EWARM\spi+pid+pwm\Obj\main.o
#        C:\Users\wangyunxuan\Desktop\Robocon\program\encoder-head\EWARM\spi+pid+pwm\Obj\speed.o
#        C:\Users\wangyunxuan\Desktop\Robocon\program\encoder-head\EWARM\spi+pid+pwm\Obj\startup_stm32f103xe.o
#        C:\Users\wangyunxuan\Desktop\Robocon\program\encoder-head\EWARM\spi+pid+pwm\Obj\stm32f1xx_hal.o
#        C:\Users\wangyunxuan\Desktop\Robocon\program\encoder-head\EWARM\spi+pid+pwm\Obj\stm32f1xx_hal_can.o
#        C:\Users\wangyunxuan\Desktop\Robocon\program\encoder-head\EWARM\spi+pid+pwm\Obj\stm32f1xx_hal_cortex.o
#        C:\Users\wangyunxuan\Desktop\Robocon\program\encoder-head\EWARM\spi+pid+pwm\Obj\stm32f1xx_hal_dma.o
#        C:\Users\wangyunxuan\Desktop\Robocon\program\encoder-head\EWARM\spi+pid+pwm\Obj\stm32f1xx_hal_flash.o
#        C:\Users\wangyunxuan\Desktop\Robocon\program\encoder-head\EWARM\spi+pid+pwm\Obj\stm32f1xx_hal_flash_ex.o
#        C:\Users\wangyunxuan\Desktop\Robocon\program\encoder-head\EWARM\spi+pid+pwm\Obj\stm32f1xx_hal_gpio.o
#        C:\Users\wangyunxuan\Desktop\Robocon\program\encoder-head\EWARM\spi+pid+pwm\Obj\stm32f1xx_hal_gpio_ex.o
#        C:\Users\wangyunxuan\Desktop\Robocon\program\encoder-head\EWARM\spi+pid+pwm\Obj\stm32f1xx_hal_msp.o
#        C:\Users\wangyunxuan\Desktop\Robocon\program\encoder-head\EWARM\spi+pid+pwm\Obj\stm32f1xx_hal_pwr.o
#        C:\Users\wangyunxuan\Desktop\Robocon\program\encoder-head\EWARM\spi+pid+pwm\Obj\stm32f1xx_hal_rcc.o
#        C:\Users\wangyunxuan\Desktop\Robocon\program\encoder-head\EWARM\spi+pid+pwm\Obj\stm32f1xx_hal_rcc_ex.o
#        C:\Users\wangyunxuan\Desktop\Robocon\program\encoder-head\EWARM\spi+pid+pwm\Obj\stm32f1xx_hal_tim.o
#        C:\Users\wangyunxuan\Desktop\Robocon\program\encoder-head\EWARM\spi+pid+pwm\Obj\stm32f1xx_hal_tim_ex.o
#        C:\Users\wangyunxuan\Desktop\Robocon\program\encoder-head\EWARM\spi+pid+pwm\Obj\stm32f1xx_hal_uart.o
#        C:\Users\wangyunxuan\Desktop\Robocon\program\encoder-head\EWARM\spi+pid+pwm\Obj\stm32f1xx_it.o
#        C:\Users\wangyunxuan\Desktop\Robocon\program\encoder-head\EWARM\spi+pid+pwm\Obj\system_stm32f1xx.o
#        C:\Users\wangyunxuan\Desktop\Robocon\program\encoder-head\EWARM\spi+pid+pwm\Obj\tim.o
#        C:\Users\wangyunxuan\Desktop\Robocon\program\encoder-head\EWARM\spi+pid+pwm\Obj\usart.o
#        --redirect _Printf=_PrintfFull --redirect _Scanf=_ScanfFull -o
#        C:\Users\wangyunxuan\Desktop\Robocon\program\encoder-head\EWARM\spi+pid+pwm\Exe\spi+pid+pwm.out
#        --map
#        C:\Users\wangyunxuan\Desktop\Robocon\program\encoder-head\EWARM\spi+pid+pwm\List\spi+pid+pwm.map
#        --config
#        C:\Users\wangyunxuan\Desktop\Robocon\program\encoder-head\EWARM/stm32f103xe_flash.icf
#        --semihosting --entry __iar_program_start --vfe --text_out locale)
#
###############################################################################

*******************************************************************************
*** RUNTIME MODEL ATTRIBUTES
***

CppFlavor       = *
__Heap_Handler  = NoFree
__SystemLibrary = DLib
__dlib_version  = 6


*******************************************************************************
*** HEAP SELECTION
***

The no free heap was selected because no calls to memory
deallocation functions were found in the application.


*******************************************************************************
*** PLACEMENT SUMMARY
***

"A0":  place at 0x08000000 { ro section .intvec };
"P1":  place in [from 0x08000000 to 0x0807ffff] { ro };
define block CSTACK with size = 1K, alignment = 8 { };
define block HEAP with size = 512, alignment = 8 { };
"P2":  place in [from 0x20000000 to 0x2000ffff] {
          rw, block CSTACK, block HEAP };
initialize by copy { rw };

  Section            Kind        Address    Size  Object
  -------            ----        -------    ----  ------
"A0":                                      0x130
  .intvec            ro code  0x08000000   0x130  startup_stm32f103xe.o [1]
                            - 0x08000130   0x130

"P1":                                     0x643a
  .text              ro code  0x08000130   0xf96  xprintffull.o [3]
  .text              ro code  0x080010c6    0x7a  lz77_init_single.o [5]
  .text              ro code  0x08001140    0xb0  xlocale_c.o [3]
  .text              ro code  0x080011f0    0x16  strchr.o [5]
  .text              ro code  0x08001206    0x1e  xencoding_8859_1.o [3]
  .text              ro code  0x08001224    0x40  xfail_s.o [3]
  .text              ro code  0x08001264    0x36  strlen.o [5]
  .text              ro code  0x0800129a    0x1a  xsnprout.o [3]
  .text              ro code  0x080012b4    0x58  memchr.o [5]
  .text              ro code  0x0800130c     0xa  xmbcurmax.o [3]
  .text              ro code  0x08001318    0xa6  ABImemcpy.o [5]
  .text              ro code  0x080013c0   0x22e  I64DivMod.o [5]
  .text              ro code  0x080015f0   0x1a2  DblMul.o [4]
  .text              ro code  0x08001794    0x70  frexp.o [4]
  .text              ro code  0x08001804    0x2e  DblCmpLe.o [4]
  .text              ro code  0x08001834    0x2e  DblCmpGe.o [4]
  .text              ro code  0x08001864   0x13a  ldexp.o [4]
  .text              ro code  0x080019a0    0x3a  DblToS32.o [4]
  .text              ro code  0x080019dc    0x22  S32ToDbl.o [4]
  .text              ro code  0x08001a00    0xe2  DblSub.o [4]
  .text              ro code  0x08001ae4   0x246  DblDiv.o [4]
  .text              ro code  0x08001d2c    0x28  DblToU32.o [4]
  .text              ro code  0x08001d54    0x1a  U32ToDbl.o [4]
  .text              ro code  0x08001d6e     0x6  abort.o [3]
  .text              ro code  0x08001d74     0x2  I64DivZer.o [5]
  .text              ro code  0x08001d78   0x178  DblAdd.o [4]
  .text              ro code  0x08001ef0    0x14  exit.o [6]
  .text              ro code  0x08001f04   0x5bc  stm32f1xx_hal_can.o [1]
  .text              ro code  0x080024c0   0x298  can.o [1]
  .text              ro code  0x08002758     0xc  stm32f1xx_hal.o [1]
  .text              ro code  0x08002764     0x2  stm32f1xx_hal_can.o [1]
  .text              ro code  0x08002768   0x14c  main.o [1]
  .text              ro code  0x080028b4   0x1e8  stm32f1xx_hal_gpio.o [1]
  .text              ro code  0x08002a9c    0xe4  stm32f1xx_hal_cortex.o [1]
  .text              ro code  0x08002b80   0x2cc  usart.o [1]
  .text              ro code  0x08002e4c    0x24  ABIassert.o [6]
  .text              ro code  0x08002e70    0x24  stm32f1xx_hal.o [1]
  .text              ro code  0x08002e94   0x100  gpio.o [1]
  .text              ro code  0x08002f94    0x30  dma.o [1]
  .text              ro code  0x08002fc4   0x258  tim.o [1]
  .text              ro code  0x0800321c   0x144  cmd.o [1]
  .text              ro code  0x08003360   0x268  speed.o [1]
  .text              ro code  0x080035c8   0x4e2  stm32f1xx_hal_rcc.o [1]
  .text              ro code  0x08003aac   0x4f0  stm32f1xx_hal_uart.o [1]
  .text              ro code  0x08003f9c   0x35c  stm32f1xx_hal_dma.o [1]
  .text              ro code  0x080042f8    0x3c  vsnprint.o [3]
  .text              ro code  0x08004334    0x40  stm32f1xx_hal.o [1]
  .text              ro code  0x08004374    0x9c  stm32f1xx_hal_msp.o [1]
  .text              ro code  0x08004410   0x58a  stm32f1xx_hal_tim.o [1]
  .text              ro code  0x0800499c    0x4a  stm32f1xx_hal_tim_ex.o [1]
  .text              ro code  0x080049e8    0x44  no_free_heap0.o [3]
  .text              ro code  0x08004a2c     0x6  ABImemclr.o [5]
  .text              ro code  0x08004a34    0x4a  strcmp.o [5]
  .text              ro code  0x08004a80    0x80  FltSub.o [4]
  .text              ro code  0x08004b00    0xe2  FltAdd.o [4]
  .text              ro code  0x08004be4    0x24  FltCmpGe.o [4]
  .text              ro code  0x08004c08    0x24  FltCmpLe.o [4]
  .text              ro code  0x08004c2c    0xd8  FltMul.o [4]
  .text              ro code  0x08004d04    0x24  S32ToFlt.o [4]
  .text              ro code  0x08004d28    0x2a  FltToS32.o [4]
  .text              ro code  0x08004d52     0x2  stm32f1xx_hal_uart.o [1]
  .text              ro code  0x08004d54    0x2c  xgetmemchunk.o [3]
  .text              ro code  0x08004d80    0x5e  ABImemset.o [5]
  .text              ro code  0x08004de0   0x468  strto64.o [4]
  .text              ro code  0x08005248   0x122  iar_Stopfx.o [3]
  .text              ro code  0x0800536c   0x1c8  iar_Stoflt.o [3]
  .text              ro code  0x08005534   0x21c  iar_Stoxflt.o [3]
  .text              ro code  0x08005750    0x14  isspace.o [3]
  .text              ro code  0x08005764    0x14  isalpha.o [3]
  .text              ro code  0x08005778   0x390  cmd_func.o [1]
  .text              ro code  0x08005b08    0x68  DblToFlt.o [4]
  .text              ro code  0x08005b70   0x174  iar_Stoulx.o [3]
  .text              ro code  0x08005ce4   0x140  flash.o [1]
  .text              ro code  0x08005e24    0x48  FltToDbl.o [4]
  .text              ro code  0x08005e6c    0x14  tolower.o [3]
  .text              ro code  0x08005e80   0x15c  stm32f1xx_hal_flash.o [1]
  .text              ro code  0x08005fdc    0xd8  stm32f1xx_hal_flash_ex.o [1]
  .text              ro code  0x080060b4    0x1e  U64Shr.o [5]
  .text              ro code  0x080060d4    0x98  can_func.o [1]
  .text              ro code  0x0800616c    0x5c  system_stm32f1xx.o [1]
  .text              ro code  0x080061c8    0x40  zero_init3.o [5]
  .text              ro code  0x08006208    0x3c  stm32f1xx_it.o [1]
  .text              ro code  0x08006244    0x10  stm32f1xx_hal.o [1]
  .text              ro code  0x08006254    0x28  data_init.o [5]
  .iar.init_table    const    0x0800627c    0x20  - Linker created -
  .text              ro code  0x0800629c    0x1e  cmain.o [5]
  .text              ro code  0x080062ba     0x4  low_level_init.o [3]
  .text              ro code  0x080062be     0x4  exit.o [3]
  .text              ro code  0x080062c4     0xa  cexit.o [5]
  .text              ro code  0x080062d0    0x10  startup_stm32f103xe.o [1]
  .text              ro code  0x080062e0     0xc  cstartup_M.o [5]
  .rodata            const    0x080062ec     0x8  system_stm32f1xx.o [1]
  .rodata            const    0x080062f4     0x6  xlocale_c.o [3]
  .text              ro code  0x080062fa     0x4  startup_stm32f103xe.o [1]
  .text              ro code  0x080062fe     0x4  startup_stm32f103xe.o [1]
  .text              ro code  0x08006302     0x4  startup_stm32f103xe.o [1]
  .text              ro code  0x08006306     0x4  startup_stm32f103xe.o [1]
  .text              ro code  0x0800630a     0x4  startup_stm32f103xe.o [1]
  .text              ro code  0x0800630e     0x4  startup_stm32f103xe.o [1]
  .text              ro code  0x08006312     0x4  startup_stm32f103xe.o [1]
  .text              ro code  0x08006316     0x4  startup_stm32f103xe.o [1]
  .text              ro code  0x0800631a     0x4  startup_stm32f103xe.o [1]
  .text              ro code  0x0800631e     0x4  startup_stm32f103xe.o [1]
  .text              ro code  0x08006322     0x4  startup_stm32f103xe.o [1]
  .text              ro code  0x08006326     0x4  startup_stm32f103xe.o [1]
  .text              ro code  0x0800632a     0x4  startup_stm32f103xe.o [1]
  .text              ro code  0x0800632e     0x4  startup_stm32f103xe.o [1]
  .text              ro code  0x08006332     0x4  startup_stm32f103xe.o [1]
  .text              ro code  0x08006336     0x4  startup_stm32f103xe.o [1]
  .text              ro code  0x0800633a     0x4  startup_stm32f103xe.o [1]
  .text              ro code  0x0800633e     0x4  startup_stm32f103xe.o [1]
  .text              ro code  0x08006342     0x4  startup_stm32f103xe.o [1]
  .text              ro code  0x08006346     0x4  startup_stm32f103xe.o [1]
  .text              ro code  0x0800634a     0x4  startup_stm32f103xe.o [1]
  .text              ro code  0x0800634e     0x4  startup_stm32f103xe.o [1]
  .text              ro code  0x08006352     0x4  startup_stm32f103xe.o [1]
  .text              ro code  0x08006356     0x4  startup_stm32f103xe.o [1]
  .text              ro code  0x0800635a     0x4  startup_stm32f103xe.o [1]
  .text              ro code  0x0800635e     0x4  startup_stm32f103xe.o [1]
  .text              ro code  0x08006362     0x4  startup_stm32f103xe.o [1]
  .text              ro code  0x08006366     0x4  startup_stm32f103xe.o [1]
  .text              ro code  0x0800636a     0x4  startup_stm32f103xe.o [1]
  .text              ro code  0x0800636e     0x4  startup_stm32f103xe.o [1]
  .text              ro code  0x08006372     0x4  startup_stm32f103xe.o [1]
  .text              ro code  0x08006376     0x4  startup_stm32f103xe.o [1]
  .text              ro code  0x0800637a     0x4  startup_stm32f103xe.o [1]
  .text              ro code  0x0800637e     0x4  startup_stm32f103xe.o [1]
  .text              ro code  0x08006382     0x4  startup_stm32f103xe.o [1]
  .text              ro code  0x08006386     0x4  startup_stm32f103xe.o [1]
  .text              ro code  0x0800638a     0x4  startup_stm32f103xe.o [1]
  .text              ro code  0x0800638e     0x4  startup_stm32f103xe.o [1]
  .text              ro code  0x08006392     0x4  startup_stm32f103xe.o [1]
  .text              ro code  0x08006396     0x4  startup_stm32f103xe.o [1]
  .text              ro code  0x0800639a     0x4  startup_stm32f103xe.o [1]
  .text              ro code  0x0800639e     0x4  startup_stm32f103xe.o [1]
  .text              ro code  0x080063a2     0x4  startup_stm32f103xe.o [1]
  .text              ro code  0x080063a6     0x4  startup_stm32f103xe.o [1]
  .text              ro code  0x080063aa     0x4  startup_stm32f103xe.o [1]
  .text              ro code  0x080063ae     0x4  startup_stm32f103xe.o [1]
  .text              ro code  0x080063b2     0x4  startup_stm32f103xe.o [1]
  .text              ro code  0x080063b6     0x4  startup_stm32f103xe.o [1]
  .text              ro code  0x080063ba     0x4  startup_stm32f103xe.o [1]
  .text              ro code  0x080063be     0x4  startup_stm32f103xe.o [1]
  .text              ro code  0x080063c2     0x4  startup_stm32f103xe.o [1]
  .text              ro code  0x080063c6     0x4  startup_stm32f103xe.o [1]
  .text              ro code  0x080063ca     0x4  startup_stm32f103xe.o [1]
  .text              ro code  0x080063ce     0x4  startup_stm32f103xe.o [1]
  .text              ro code  0x080063d2     0x4  startup_stm32f103xe.o [1]
  .text              ro code  0x080063d6     0x4  startup_stm32f103xe.o [1]
  .text              ro code  0x080063da     0x4  startup_stm32f103xe.o [1]
  .rodata            const    0x080063de     0x0  zero_init3.o [5]
  .rodata            const    0x080063de     0x0  lz77_init_single.o [5]
  Initializer bytes  const    0x080063de   0x18c  <for P2-1>
                            - 0x0800656a  0x643a

"P2", part 1 of 3:                         0x5c8
  P2-1                        0x20000000   0x5c8  <Init block>
    .data            inited   0x20000000   0x3f0  cmd.o [1]
    .data            inited   0x200003f0    0x30  speed.o [1]
    .data            inited   0x20000420     0x4  speed.o [1]
    .data            inited   0x20000424     0x4  speed.o [1]
    .data            inited   0x20000428     0x4  speed.o [1]
    .data            inited   0x2000042c    0x24  speed.o [1]
    .data            inited   0x20000450    0x24  speed.o [1]
    .data            inited   0x20000474     0xc  stm32f1xx_hal.o [1]
    .data            inited   0x20000480     0x4  system_stm32f1xx.o [1]
    .data            inited   0x20000484    0xc4  usart.o [1]
    .data            inited   0x20000548    0x38  xlocale_c.o [3]
    .data            inited   0x20000580    0x48  xlocale_c.o [3]
                            - 0x200005c8   0x5c8

"P2", part 2 of 3:                         0x498
  .bss               zero     0x200005c8   0x190  can.o [1]
  .bss               zero     0x20000758    0xc8  usart.o [1]
  .bss               zero     0x20000820    0xac  can.o [1]
  .bss               zero     0x200008cc    0x44  usart.o [1]
  .bss               zero     0x20000910    0x40  tim.o [1]
  .bss               zero     0x20000950    0x40  tim.o [1]
  .bss               zero     0x20000990    0x40  tim.o [1]
  .bss               zero     0x200009d0    0x30  cmd.o [1]
  .bss               zero     0x20000a00    0x24  flash.o [1]
  .bss               zero     0x20000a24     0x4  can.o [1]
  .bss               zero     0x20000a28    0x20  stm32f1xx_hal_flash.o [1]
  .bss               zero     0x20000a48     0x8  can_func.o [1]
  .bss               zero     0x20000a50     0x4  main.o [1]
  .bss               zero     0x20000a54     0x4  xfail_s.o [3]
  .bss               zero     0x20000a58     0x4  no_free_heap0.o [3]
  .bss               zero     0x20000a5c     0x4  xgetmemchunk.o [3]
                            - 0x20000a60   0x498

"P2", part 3 of 3:                         0x600
  CSTACK                      0x20000a60   0x400  <Block>
    CSTACK           uninit   0x20000a60   0x400  <Block tail>
  HEAP                        0x20000e60   0x200  <Block>
    HEAP             uninit   0x20000e60   0x200  <Block tail>
                            - 0x20001060   0x600


*******************************************************************************
*** INIT TABLE
***

          Address     Size
          -------     ----
Zero (__iar_zero_init3)
    1 destination range, total size 0x498:
          0x200005c8  0x498

Copy/lz77 (__iar_lz77_init_single3)
    1 source range, total size 0x18c (26% of destination):
          0x080063de  0x18c
    1 destination range, total size 0x5c8:
          0x20000000  0x5c8



*******************************************************************************
*** MODULE SUMMARY
***

    Module                    ro code  ro data  rw data
    ------                    -------  -------  -------
C:\Users\wangyunxuan\Desktop\Robocon\program\encoder-head\EWARM\spi+pid+pwm\Obj: [1]
    can.o                         664               576
    can_func.o                    152                 8
    cmd.o                         324      269    1 056
    cmd_func.o                    912
    dma.o                          48
    flash.o                       320                36
    gpio.o                        256
    main.o                        332                 4
    speed.o                       616       36      132
    startup_stm32f103xe.o         548
    stm32f1xx_hal.o               128        3       12
    stm32f1xx_hal_can.o         1 470
    stm32f1xx_hal_cortex.o        228
    stm32f1xx_hal_dma.o           860
    stm32f1xx_hal_flash.o         348                32
    stm32f1xx_hal_flash_ex.o      216
    stm32f1xx_hal_gpio.o          488
    stm32f1xx_hal_msp.o           156
    stm32f1xx_hal_rcc.o         1 250
    stm32f1xx_hal_tim.o         1 418
    stm32f1xx_hal_tim_ex.o         74
    stm32f1xx_hal_uart.o        1 266
    stm32f1xx_it.o                 60
    system_stm32f1xx.o             92        9        4
    tim.o                         600               192
    usart.o                       716       52      464
    ---------------------------------------------------
    Total:                     13 542      369    2 516

command line: [2]
    ---------------------------------------------------
    Total:

dl7M_tlf.a: [3]
    abort.o                         6
    exit.o                          4
    iar_Stoflt.o                  456
    iar_Stopfx.o                  290
    iar_Stoulx.o                  372
    iar_Stoxflt.o                 540
    isalpha.o                      20
    isspace.o                      20
    low_level_init.o                4
    no_free_heap0.o                68                 4
    tolower.o                      20
    vsnprint.o                     60
    xencoding_8859_1.o             30
    xfail_s.o                      64                 4
    xgetmemchunk.o                 44                 4
    xlocale_c.o                   176       41      128
    xmbcurmax.o                    10
    xprintffull.o               3 990
    xsnprout.o                     26
    ---------------------------------------------------
    Total:                      6 200       41      140

m7M_tl.a: [4]
    DblAdd.o                      376
    DblCmpGe.o                     46
    DblCmpLe.o                     46
    DblDiv.o                      582
    DblMul.o                      418
    DblSub.o                      226
    DblToFlt.o                    104
    DblToS32.o                     58
    DblToU32.o                     40
    FltAdd.o                      226
    FltCmpGe.o                     36
    FltCmpLe.o                     36
    FltMul.o                      216
    FltSub.o                      128
    FltToDbl.o                     72
    FltToS32.o                     42
    S32ToDbl.o                     34
    S32ToFlt.o                     36
    U32ToDbl.o                     26
    frexp.o                       112
    ldexp.o                       314
    strto64.o                   1 128
    ---------------------------------------------------
    Total:                      4 302

rt7M_tl.a: [5]
    ABImemclr.o                     6
    ABImemcpy.o                   166
    ABImemset.o                    94
    I64DivMod.o                   558
    I64DivZer.o                     2
    U64Shr.o                       30
    cexit.o                        10
    cmain.o                        30
    cstartup_M.o                   12
    data_init.o                    40
    lz77_init_single.o            122
    memchr.o                       88
    strchr.o                       22
    strcmp.o                       74
    strlen.o                       54
    zero_init3.o                   64
    ---------------------------------------------------
    Total:                      1 372

shb_l.a: [6]
    ABIassert.o                    36
    exit.o                         20
    ---------------------------------------------------
    Total:                         56

    Gaps                           48
    Linker created                          32    1 536
-------------------------------------------------------
    Grand Total:               25 520      442    4 192


*******************************************************************************
*** ENTRY LIST
***

Entry                      Address   Size  Type      Object
-----                      -------   ----  ----      ------
.iar.init_table$$Base   0x0800627c          --   Gb  - Linker created -
.iar.init_table$$Limit  0x0800629c          --   Gb  - Linker created -
?main                   0x0800629d         Code  Gb  cmain.o [5]
AHBPrescTable           0x080061b8   0x10  Data  Gb  system_stm32f1xx.o [1]
APBPrescTable           0x080062ec    0x8  Data  Gb  system_stm32f1xx.o [1]
BusFault_Handler        0x0800620f    0x2  Code  Gb  stm32f1xx_it.o [1]
CAN_FUNC                0x08002859   0x3a  Code  Gb  main.o [1]
CAN_LIST_MATCH          0x08002615   0x2c  Code  Gb  can.o [1]
CAN_Receive_IT          0x0800238d  0x12a  Code  Lc  stm32f1xx_hal_can.o [1]
CSTACK$$Base            0x20000a60          --   Gb  - Linker created -
CSTACK$$Limit           0x20000e60          --   Gb  - Linker created -
CacheMore               0x08001181   0x24  Code  Lc  xlocale_c.o [3]
Configure_Filter        0x08002599   0x28  Code  Gb  can.o [1]
DMA1_Channel4_IRQHandler
                        0x08006233    0x6  Code  Gb  stm32f1xx_it.o [1]
DebugMon_Handler        0x08006215    0x2  Code  Gb  stm32f1xx_it.o [1]
Dtentox                 0x08004eed  0x18c  Code  Lc  strto64.o [4]
FLASH_MassErase         0x0800606d   0x1a  Code  Lc  stm32f1xx_hal_flash_ex.o [1]
FLASH_PageErase         0x0800608f   0x1c  Code  Gb  stm32f1xx_hal_flash_ex.o [1]
FLASH_Program_HalfWord  0x08005f17   0x16  Code  Lc  stm32f1xx_hal_flash.o [1]
FLASH_SetErrorCode      0x08005f7d   0x44  Code  Lc  stm32f1xx_hal_flash.o [1]
FLASH_WaitForLastOperation
                        0x08005f2d   0x50  Code  Gb  stm32f1xx_hal_flash.o [1]
HAL_CAN_ConfigFilter    0x08001fe9   0xb0  Code  Gb  stm32f1xx_hal_can.o [1]
HAL_CAN_ErrorCallback   0x0800264f    0xc  Code  Gb  can.o [1]
HAL_CAN_IRQHandler      0x08002187  0x1f0  Code  Gb  stm32f1xx_hal_can.o [1]
HAL_CAN_Init            0x08001f05   0xe4  Code  Gb  stm32f1xx_hal_can.o [1]
HAL_CAN_MspInit         0x08002509   0x62  Code  Gb  can.o [1]
HAL_CAN_Receive_IT      0x080020b9   0xb2  Code  Gb  stm32f1xx_hal_can.o [1]
HAL_CAN_RxCpltCallback  0x08002641    0xe  Code  Gb  can.o [1]
HAL_DMA_Abort_IT        0x08004023   0xdc  Code  Gb  stm32f1xx_hal_dma.o [1]
HAL_DMA_IRQHandler      0x080040ff  0x1b4  Code  Gb  stm32f1xx_hal_dma.o [1]
HAL_DMA_Init            0x08003f9d   0x78  Code  Gb  stm32f1xx_hal_dma.o [1]
HAL_FLASHEx_Erase       0x08005fdd   0x90  Code  Gb  stm32f1xx_hal_flash_ex.o [1]
HAL_FLASH_Lock          0x08005f09    0x8  Code  Gb  stm32f1xx_hal_flash.o [1]
HAL_FLASH_Program       0x08005e81   0x6c  Code  Gb  stm32f1xx_hal_flash.o [1]
HAL_FLASH_Unlock        0x08005eed   0x1c  Code  Gb  stm32f1xx_hal_flash.o [1]
HAL_GPIO_Init           0x080028b5  0x196  Code  Gb  stm32f1xx_hal_gpio.o [1]
HAL_GPIO_TogglePin      0x08002a57    0x8  Code  Gb  stm32f1xx_hal_gpio.o [1]
HAL_GPIO_WritePin       0x08002a4b    0xc  Code  Gb  stm32f1xx_hal_gpio.o [1]
HAL_GetTick             0x08002759    0xc  Code  Wk  stm32f1xx_hal.o [1]
HAL_IncTick             0x08006245   0x10  Code  Wk  stm32f1xx_hal.o [1]
HAL_Init                0x08002e71   0x20  Code  Gb  stm32f1xx_hal.o [1]
HAL_InitTick            0x08004335   0x40  Code  Wk  stm32f1xx_hal.o [1]
HAL_MspInit             0x08004375   0x9c  Code  Gb  stm32f1xx_hal_msp.o [1]
HAL_NVIC_EnableIRQ      0x08002b0f    0xa  Code  Gb  stm32f1xx_hal_cortex.o [1]
HAL_NVIC_SetPriority    0x08002ad5   0x3a  Code  Gb  stm32f1xx_hal_cortex.o [1]
HAL_NVIC_SetPriorityGrouping
                        0x08002abb   0x1a  Code  Gb  stm32f1xx_hal_cortex.o [1]
HAL_RCC_ClockConfig     0x080038e5  0x10c  Code  Gb  stm32f1xx_hal_rcc.o [1]
HAL_RCC_GetHCLKFreq     0x08003a41    0x6  Code  Gb  stm32f1xx_hal_rcc.o [1]
HAL_RCC_GetPCLK1Freq    0x08003a47   0x10  Code  Gb  stm32f1xx_hal_rcc.o [1]
HAL_RCC_GetPCLK2Freq    0x08003a57    0xe  Code  Gb  stm32f1xx_hal_rcc.o [1]
HAL_RCC_GetSysClockFreq
                        0x08003a05   0x3c  Code  Gb  stm32f1xx_hal_rcc.o [1]
HAL_RCC_GetSysClockFreq::aPLLMULFactorTable
                        0x08003a98   0x10  Data  Lc  stm32f1xx_hal_rcc.o [1]
HAL_RCC_GetSysClockFreq::aPredivFactorTable
                        0x08003aa8    0x2  Data  Lc  stm32f1xx_hal_rcc.o [1]
HAL_RCC_OscConfig       0x080035c9  0x314  Code  Gb  stm32f1xx_hal_rcc.o [1]
HAL_SYSTICK_CLKSourceConfig
                        0x08002b4b   0x1a  Code  Gb  stm32f1xx_hal_cortex.o [1]
HAL_SYSTICK_Callback    0x0800347d   0x68  Code  Gb  speed.o [1]
HAL_SYSTICK_Callback::time_1ms_cnt
                        0x2000041c    0x4  Data  Lc  speed.o [1]
HAL_SYSTICK_Config      0x08002b23   0x28  Code  Gb  stm32f1xx_hal_cortex.o [1]
HAL_SYSTICK_IRQHandler  0x08002b7d    0x4  Code  Gb  stm32f1xx_hal_cortex.o [1]
HAL_TIMEx_MasterConfigSynchronization
                        0x0800499d   0x4a  Code  Gb  stm32f1xx_hal_tim_ex.o [1]
HAL_TIM_Base_Init       0x08004411   0x1a  Code  Gb  stm32f1xx_hal_tim.o [1]
HAL_TIM_Base_MspInit    0x08003193   0x22  Code  Gb  tim.o [1]
HAL_TIM_ConfigClockSource
                        0x08004655   0xac  Code  Gb  stm32f1xx_hal_tim.o [1]
HAL_TIM_Encoder_Init    0x080044a7   0x88  Code  Gb  stm32f1xx_hal_tim.o [1]
HAL_TIM_Encoder_MspInit
                        0x080030bf   0x32  Code  Gb  tim.o [1]
HAL_TIM_Encoder_Start   0x08004539   0x16  Code  Gb  stm32f1xx_hal_tim.o [1]
HAL_TIM_MspPostInit     0x08003113   0x1a  Code  Gb  tim.o [1]
HAL_TIM_PWM_ConfigChannel
                        0x0800456d   0xc0  Code  Gb  stm32f1xx_hal_tim.o [1]
HAL_TIM_PWM_Init        0x08004455   0x1a  Code  Gb  stm32f1xx_hal_tim.o [1]
HAL_TIM_PWM_MspInit     0x080030f1   0x22  Code  Gb  tim.o [1]
HAL_TIM_PWM_Start       0x0800446f   0x14  Code  Gb  stm32f1xx_hal_tim.o [1]
HAL_UART_ErrorCallback  0x08002ccf    0xe  Code  Gb  usart.o [1]
HAL_UART_IRQHandler     0x08003c3d  0x152  Code  Gb  stm32f1xx_hal_uart.o [1]
HAL_UART_Init           0x08003aad   0x1e  Code  Gb  stm32f1xx_hal_uart.o [1]
HAL_UART_MspInit        0x08002bc5   0x86  Code  Gb  usart.o [1]
HAL_UART_Receive_IT     0x08003bd7   0x54  Code  Gb  stm32f1xx_hal_uart.o [1]
HAL_UART_RxCpltCallback
                        0x08002c77   0x58  Code  Gb  usart.o [1]
HAL_UART_Transmit       0x08003b25   0xaa  Code  Gb  stm32f1xx_hal_uart.o [1]
HEAP$$Base              0x20000e60          --   Gb  - Linker created -
HEAP$$Limit             0x20001060          --   Gb  - Linker created -
HardFault_Handler       0x0800620b    0x2  Code  Gb  stm32f1xx_it.o [1]
LoadInt                 0x0800031f   0x7a  Code  Lc  xprintffull.o [3]
MX_CAN1_Init            0x080024c1   0x48  Code  Gb  can.o [1]
MX_DMA_Init             0x08002f95   0x30  Code  Gb  dma.o [1]
MX_GPIO_Init            0x08002e95   0xd8  Code  Gb  gpio.o [1]
MX_TIM1_Init            0x08003135   0x5e  Code  Gb  tim.o [1]
MX_TIM2_Init            0x08002fc5   0x60  Code  Gb  tim.o [1]
MX_TIM4_Init            0x08003025   0x86  Code  Gb  tim.o [1]
MX_USART1_UART_Init     0x08002b81   0x44  Code  Gb  usart.o [1]
MemManage_Handler       0x0800620d    0x2  Code  Gb  stm32f1xx_it.o [1]
NMI_Handler             0x08006209    0x2  Code  Gb  stm32f1xx_it.o [1]
NVIC_SetPriority        0x08002a9d   0x1e  Code  Lc  stm32f1xx_hal_cortex.o [1]
PendSV_Handler          0x08006217    0x2  Code  Gb  stm32f1xx_it.o [1]
Region$$Table$$Base     0x0800627c          --   Gb  - Linker created -
Region$$Table$$Limit    0x0800629c          --   Gb  - Linker created -
RxMessage               0x200008a8   0x24  Data  Lc  can.o [1]
SVC_Handler             0x08006213    0x2  Code  Gb  stm32f1xx_it.o [1]
SysTick_Handler         0x08006219    0xe  Code  Gb  stm32f1xx_it.o [1]
SystemClock_Config      0x080027e7   0x72  Code  Gb  main.o [1]
SystemCoreClock         0x20000480    0x4  Data  Gb  system_stm32f1xx.o [1]
SystemInit              0x0800616d   0x3a  Code  Gb  system_stm32f1xx.o [1]
TIM_Base_SetConfig      0x08004735   0x74  Code  Gb  stm32f1xx_hal_tim.o [1]
TIM_CCxChannelCmd       0x08004983   0x12  Code  Gb  stm32f1xx_hal_tim.o [1]
TIM_ETR_SetConfig       0x0800496f   0x14  Code  Lc  stm32f1xx_hal_tim.o [1]
TIM_ITRx_SetConfig      0x0800495f   0x10  Code  Lc  stm32f1xx_hal_tim.o [1]
TIM_OC1_SetConfig       0x080047a9   0x52  Code  Lc  stm32f1xx_hal_tim.o [1]
TIM_OC2_SetConfig       0x080047fb   0x60  Code  Gb  stm32f1xx_hal_tim.o [1]
TIM_OC3_SetConfig       0x0800485b   0x58  Code  Lc  stm32f1xx_hal_tim.o [1]
TIM_OC4_SetConfig       0x080048bf   0x46  Code  Lc  stm32f1xx_hal_tim.o [1]
TIM_TI1_ConfigInputStage
                        0x0800491d   0x1e  Code  Lc  stm32f1xx_hal_tim.o [1]
TIM_TI2_ConfigInputStage
                        0x0800493b   0x24  Code  Lc  stm32f1xx_hal_tim.o [1]
TxMessage               0x2000088c   0x1c  Data  Lc  can.o [1]
UART_DMAAbortOnError    0x08003e11    0xc  Code  Lc  stm32f1xx_hal_uart.o [1]
UART_EndRxTransfer      0x08003df3   0x1c  Code  Lc  stm32f1xx_hal_uart.o [1]
UART_Receive_IT         0x08003e1d   0x96  Code  Lc  stm32f1xx_hal_uart.o [1]
UART_SetConfig          0x08003eb3   0xde  Code  Lc  stm32f1xx_hal_uart.o [1]
UART_WaitOnFlagUntilTimeout
                        0x08003d8f   0x56  Code  Lc  stm32f1xx_hal_uart.o [1]
USART1_IRQHandler       0x0800622d    0x6  Code  Gb  stm32f1xx_it.o [1]
USART_RX_BUF            0x20000758   0xc8  Data  Gb  usart.o [1]
USART_RX_STA            0x2000049e    0x2  Data  Gb  usart.o [1]
USB_LP_CAN1_RX0_IRQHandler
                        0x08006227    0x6  Code  Gb  stm32f1xx_it.o [1]
UsageFault_Handler      0x08006211    0x2  Code  Gb  stm32f1xx_it.o [1]
_Encoding_8859_1_Mbrlen
                        0x08001219    0x2  Code  Gb  xencoding_8859_1.o [3]
_Encoding_8859_1_Wctomb
                        0x08001207   0x12  Code  Gb  xencoding_8859_1.o [3]
_Error_Handler          0x080028a5    0x2  Code  Gb  main.o [1]
_GenldFull              0x08000da1  0x274  Code  Lc  xprintffull.o [3]
_LdtobFull              0x08000975  0x3fe  Code  Lc  xprintffull.o [3]
_LitobFull              0x0800081d  0x112  Code  Lc  xprintffull.o [3]
_LocaleC_isalpha        0x08001147    0xc  Code  Gb  xlocale_c.o [3]
_LocaleC_islower        0x08001141    0x4  Code  Gb  xlocale_c.o [3]
_LocaleC_isspace        0x0800115d   0x14  Code  Gb  xlocale_c.o [3]
_LocaleC_isupper        0x08001145    0x2  Code  Gb  xlocale_c.o [3]
_LocaleC_tolower        0x08001171    0xc  Code  Gb  xlocale_c.o [3]
_Locale_lconv           0x20000548   0x38  Data  Lc  xlocale_c.o [3]
_PrintfFull             0x08000131  0x1d6  Code  Gb  xprintffull.o [3]
_PutcharsFull           0x08001015   0x2e  Code  Lc  xprintffull.o [3]
_PutfldFull             0x08000399  0x2d0  Code  Lc  xprintffull.o [3]
_PutstrFull             0x0800075f   0xbe  Code  Lc  xprintffull.o [3]
_PuttxtFull             0x08000669   0xf6  Code  Lc  xprintffull.o [3]
_SNProut                0x0800129b   0x1a  Code  Gb  xsnprout.o [3]
__aeabi_assert          0x08002e4d   0x24  Code  Gb  ABIassert.o [6]
__aeabi_cdcmple         0x08001805         Code  Gb  DblCmpLe.o [4]
__aeabi_cdrcmple        0x08001835         Code  Gb  DblCmpGe.o [4]
__aeabi_cfcmple         0x08004c09         Code  Gb  FltCmpLe.o [4]
__aeabi_cfrcmple        0x08004be5         Code  Gb  FltCmpGe.o [4]
__aeabi_d2f             0x08005b09         Code  Gb  DblToFlt.o [4]
__aeabi_d2iz            0x080019a1         Code  Gb  DblToS32.o [4]
__aeabi_d2uiz           0x08001d2d         Code  Gb  DblToU32.o [4]
__aeabi_dadd            0x08001d79         Code  Gb  DblAdd.o [4]
__aeabi_ddiv            0x08001ae5         Code  Gb  DblDiv.o [4]
__aeabi_dmul            0x080015f1         Code  Gb  DblMul.o [4]
__aeabi_dsub            0x08001a01         Code  Gb  DblSub.o [4]
__aeabi_f2d             0x08005e25         Code  Gb  FltToDbl.o [4]
__aeabi_f2iz            0x08004d29         Code  Gb  FltToS32.o [4]
__aeabi_fadd            0x08004b01         Code  Gb  FltAdd.o [4]
__aeabi_fmul            0x08004c2d         Code  Gb  FltMul.o [4]
__aeabi_fsub            0x08004a81         Code  Gb  FltSub.o [4]
__aeabi_i2d             0x080019dd         Code  Gb  S32ToDbl.o [4]
__aeabi_i2f             0x08004d05         Code  Gb  S32ToFlt.o [4]
__aeabi_ldiv0           0x08001d75         Code  Gb  I64DivZer.o [5]
__aeabi_llsr            0x080060b5         Code  Gb  U64Shr.o [5]
__aeabi_memclr          0x08004a2d         Code  Gb  ABImemclr.o [5]
__aeabi_memcpy          0x08001319         Code  Gb  ABImemcpy.o [5]
__aeabi_memcpy4         0x08001339         Code  Gb  ABImemcpy.o [5]
__aeabi_memcpy8         0x08001339         Code  Gb  ABImemcpy.o [5]
__aeabi_ui2d            0x08001d55         Code  Gb  U32ToDbl.o [4]
__aeabi_uldivmod        0x080013c1         Code  Gb  I64DivMod.o [5]
__cmain                 0x0800629d         Code  Gb  cmain.o [5]
__data_GetMemChunk      0x08004d55   0x2c  Code  Gb  xgetmemchunk.o [3]
__data_GetMemChunk::start
                        0x20000a5c    0x4  Data  Lc  xgetmemchunk.o [3]
__exit                  0x08001ef1   0x14  Code  Gb  exit.o [6]
__iar_Fail_s            0x08001225   0x1c  Code  Gb  xfail_s.o [3]
__iar_Mbcurmax          0x0800130d    0xa  Code  Gb  xmbcurmax.o [3]
__iar_Memchr            0x080012b5         Code  Gb  memchr.o [5]
__iar_Memset_word       0x08004d81         Code  Gb  ABImemset.o [5]
__iar_Sto64             0x08005079  0x154  Code  Gb  strto64.o [4]
__iar_Stoflt            0x0800536d  0x1c8  Code  Gb  iar_Stoflt.o [3]
__iar_Stopfx            0x08005249  0x122  Code  Gb  iar_Stopfx.o [3]
__iar_Stoulx            0x08005b71  0x112  Code  Gb  iar_Stoulx.o [3]
__iar_Stoxflt           0x08005535  0x1e6  Code  Gb  iar_Stoxflt.o [3]
__iar_Stoxflt::digits   0x08005720   0x18  Data  Lc  iar_Stoxflt.o [3]
__iar_Stoxflt::vals     0x08005738   0x18  Data  Lc  iar_Stoxflt.o [3]
__iar_Strchr            0x080011f1         Code  Gb  strchr.o [5]
__iar_dadd              0x08001a11         Code  Gb  DblSub.o [4]
__iar_data_init3        0x08006255   0x28  Code  Gb  data_init.o [5]
__iar_dsub              0x08001d89         Code  Gb  DblAdd.o [4]
__iar_dsubStart         0x08001d9b         Code  Gb  DblAdd.o [4]
__iar_fadd              0x08004a8d         Code  Gb  FltSub.o [4]
__iar_frexp             0x080017a1         Code  Gb  frexp.o [4]
__iar_frexp64           0x08001795         Code  Gb  frexp.o [4]
__iar_frexpl            0x080017a1         Code  Gb  frexp.o [4]
__iar_fsub              0x08004b0d         Code  Gb  FltAdd.o [4]
__iar_fsubStart         0x08004b1d         Code  Gb  FltAdd.o [4]
__iar_globLocale        0x20000580   0x48  Data  Lc  xlocale_c.o [3]
__iar_global_Locale     0x0800117d    0x4  Code  Gb  xlocale_c.o [3]
__iar_ldexp64           0x08001865         Code  Gb  ldexp.o [4]
__iar_lz77_init_single3
                        0x080010c7   0x7a  Code  Gb  lz77_init_single.o [5]
__iar_program_start     0x080062e1         Code  Gb  cstartup_M.o [5]
__iar_scalbln64         0x08001865         Code  Gb  ldexp.o [4]
__iar_scalbn64          0x08001865         Code  Gb  ldexp.o [4]
__iar_systems$$module {Abs}
                        0x00000001         Data  Gb  command line/config [2]
__iar_zero_init3        0x080061c9   0x40  Code  Gb  zero_init3.o [5]
__low_level_init        0x080062bb    0x4  Code  Gb  low_level_init.o [3]
__no_free_malloc        0x080049e9   0x40  Code  Gb  no_free_heap0.o [3]
__vector_table          0x08000000         Data  Gb  startup_stm32f103xe.o [1]
_call_main              0x080062a9         Code  Gb  cmain.o [5]
_exit                   0x080062c5         Code  Gb  cexit.o [5]
_gLocale_mblen          0x080011dd    0x4  Code  Gb  xlocale_c.o [3]
_gLocale_mblenInt       0x080011a5   0x34  Code  Gb  xlocale_c.o [3]
_gLocale_wctomb         0x080011e1    0x4  Code  Gb  xlocale_c.o [3]
_gLocale_wctombInt      0x080011d9    0x4  Code  Gb  xlocale_c.o [3]
_main                   0x080062b7         Code  Gb  cmain.o [5]
aRxBuffer               0x2000049c    0x1  Data  Gb  usart.o [1]
abort                   0x08001d6f    0x6  Code  Gb  abort.o [3]
angle_B                 0x20000428    0x4  Data  Gb  speed.o [1]
angle_K                 0x20000424    0x4  Data  Gb  speed.o [1]
arm_ctrl                0x08003549   0x3e  Code  Gb  speed.o [1]
atof                    0x080051f9    0x8  Code  Gb  strto64.o [4]
atoi                    0x08005c89    0x2  Code  Gb  iar_Stoulx.o [3]
buf_flag                0x20000414    0x4  Data  Gb  speed.o [1]
callback                0x080060d5   0x52  Code  Gb  can_func.o [1]
canList                 0x200005c8  0x190  Data  Gb  can.o [1]
can_RX_data             0x20000a48    0x8  Data  Gb  can_func.o [1]
can_add_callback        0x080025c1   0x54  Code  Gb  can.o [1]
can_add_func            0x08002677   0x66  Code  Gb  can.o [1]
can_init                0x0800256d   0x2c  Code  Gb  can.o [1]
canlistnum              0x20000a24    0x4  Data  Lc  can.o [1]
cmd_angle_KB_func       0x080058e7   0x36  Code  Gb  cmd_func.o [1]
cmd_argv                0x200009d0   0x30  Data  Gb  cmd.o [1]
cmd_exec                0x08003297   0x3c  Code  Gb  cmd.o [1]
cmd_hello_func          0x08005779   0x12  Code  Gb  cmd_func.o [1]
cmd_help_func           0x080032e1   0x3c  Code  Gb  cmd.o [1]
cmd_init                0x0800321d   0x18  Code  Gb  cmd.o [1]
cmd_parse               0x08003235   0x62  Code  Gb  cmd.o [1]
cmd_position_func       0x0800581d   0x2a  Code  Gb  cmd_func.o [1]
cmd_position_mode_func  0x08005851   0x12  Code  Gb  cmd_func.o [1]
cmd_position_pid_func   0x08005865   0x66  Code  Gb  cmd_func.o [1]
cmd_read_flash_func     0x08005a53    0x4  Code  Gb  cmd_func.o [1]
cmd_speed_func          0x0800578b   0x14  Code  Gb  cmd_func.o [1]
cmd_speed_mode_func     0x0800579f   0x12  Code  Gb  cmd_func.o [1]
cmd_speed_pid_func      0x080057bd   0x60  Code  Gb  cmd_func.o [1]
cmd_target_angle_func   0x08005923   0x14  Code  Gb  cmd_func.o [1]
cmd_tbl                 0x20000000  0x3f0  Data  Lc  cmd.o [1]
cmd_write_flash_func    0x08005939   0xb8  Code  Gb  cmd_func.o [1]
ddiv                    0x08004e5b   0x7a  Code  Lc  strto64.o [4]
digits                  0x08005c94   0x28  Data  Lc  iar_Stoulx.o [3]
dmul                    0x08004de1   0x7a  Code  Lc  strto64.o [4]
exit                    0x080062bf    0x4  Code  Gb  exit.o [3]
flash_data              0x20000a00   0x24  Data  Gb  flash.o [1]
frexp                   0x08001795         Code  Gb  frexp.o [4]
frexpl                  0x08001795         Code  Gb  frexp.o [4]
hcan1                   0x20000820   0x44  Data  Gb  can.o [1]
hdma_usart1_tx          0x200008cc   0x44  Data  Gb  usart.o [1]
htim1                   0x20000910   0x40  Data  Gb  tim.o [1]
htim2                   0x20000950   0x40  Data  Gb  tim.o [1]
htim4                   0x20000990   0x40  Data  Gb  tim.o [1]
huart1                  0x200004a0   0x40  Data  Gb  usart.o [1]
init_position_PID       0x080033fb   0x14  Code  Gb  speed.o [1]
init_speed_PID          0x08003391    0xc  Code  Gb  speed.o [1]
isalpha                 0x08005765   0x14  Code  Gb  isalpha.o [3]
isspace                 0x08005751   0x14  Code  Gb  isspace.o [3]
ldexp                   0x08001865         Code  Gb  ldexp.o [4]
ldexpl                  0x08001865         Code  Gb  ldexp.o [4]
left_bgn_flag           0x2000040c    0x4  Data  Gb  speed.o [1]
load_prams              0x08005d49   0x62  Code  Gb  flash.o [1]
localeconv              0x080011e5    0x4  Code  Gb  xlocale_c.o [3]
main                    0x08002769   0x7e  Code  Gb  main.o [1]
main_flag               0x20000a50    0x4  Data  Gb  main.o [1]
memchr                  0x080012b5         Code  Gb  memchr.o [5]
ndigs                   0x08005cbc   0x28  Data  Lc  iar_Stoulx.o [3]
now_position            0x200003fc    0x4  Data  Gb  speed.o [1]
now_speed               0x200003f4    0x4  Data  Gb  speed.o [1]
pFlash                  0x20000a28   0x20  Data  Gb  stm32f1xx_hal_flash.o [1]
position_D              0x20000470    0x4  Data  Gb  speed.o [1]
position_D_out          0x20000464    0x4  Data  Gb  speed.o [1]
position_I              0x2000046c    0x4  Data  Gb  speed.o [1]
position_I_out          0x20000460    0x4  Data  Gb  speed.o [1]
position_P              0x20000468    0x4  Data  Gb  speed.o [1]
position_PID_Control    0x0800340f   0x5c  Code  Gb  speed.o [1]
position_P_out          0x2000045c    0x4  Data  Gb  speed.o [1]
position_err            0x20000450    0x4  Data  Gb  speed.o [1]
position_inter          0x20000454    0x4  Data  Gb  speed.o [1]
position_last_err       0x20000458    0x4  Data  Gb  speed.o [1]
position_mode           0x20000404    0x4  Data  Gb  speed.o [1]
pows                    0x08005200   0x48  Data  Lc  strto64.o [4]
qs                      0x20000a58    0x4  Data  Lc  no_free_heap0.o [3]
read_speed_position     0x080034e5   0x22  Code  Gb  speed.o [1]
right_bgn_flag          0x20000410    0x4  Data  Gb  speed.o [1]
s                       0x20000484   0x18  Data  Gb  usart.o [1]
sFilterConfig           0x20000864   0x28  Data  Gb  can.o [1]
scalbln                 0x08001865         Code  Gb  ldexp.o [4]
scalblnl                0x08001865         Code  Gb  ldexp.o [4]
scalbn                  0x08001865         Code  Gb  ldexp.o [4]
scalbnl                 0x08001865         Code  Gb  ldexp.o [4]
scale                   0x0800092f   0x46  Code  Lc  xprintffull.o [3]
sec_hand                0x20000a54    0x4  Data  Lc  xfail_s.o [3]
send_wave               0x08002d51   0x4e  Code  Gb  usart.o [1]
set_speed               0x08003361   0x30  Code  Gb  speed.o [1]
set_speed_position      0x08003507   0x42  Code  Gb  speed.o [1]
speed_D                 0x20000434    0x4  Data  Gb  speed.o [1]
speed_D_out             0x2000044c    0x4  Data  Gb  speed.o [1]
speed_I                 0x20000430    0x4  Data  Gb  speed.o [1]
speed_I_out             0x20000448    0x4  Data  Gb  speed.o [1]
speed_P                 0x2000042c    0x4  Data  Gb  speed.o [1]
speed_PID_Control       0x0800339d   0x5e  Code  Gb  speed.o [1]
speed_P_out             0x20000444    0x4  Data  Gb  speed.o [1]
speed_err               0x20000438    0x4  Data  Gb  speed.o [1]
speed_inter             0x2000043c    0x4  Data  Gb  speed.o [1]
speed_last_err          0x20000440    0x4  Data  Gb  speed.o [1]
speed_mode              0x20000400    0x4  Data  Gb  speed.o [1]
strchr                  0x080011f1         Code  Gb  strchr.o [5]
strcmp                  0x08004a35         Code  Gb  strcmp.o [5]
strlen                  0x08001265         Code  Gb  strlen.o [5]
target_angle            0x20000420    0x4  Data  Gb  speed.o [1]
target_position         0x200003f8    0x4  Data  Gb  speed.o [1]
target_speed            0x200003f0    0x4  Data  Gb  speed.o [1]
time1_flag              0x20000418    0x4  Data  Gb  speed.o [1]
time_interval           0x20000408    0x4  Data  Gb  speed.o [1]
tolower                 0x08005e6d   0x14  Code  Gb  tolower.o [3]
uart_buffer             0x200004e0   0x68  Data  Gb  usart.o [1]
uprintf                 0x08002c4b   0x2c  Code  Gb  usart.o [1]
usart_exc               0x08002ce1   0x70  Code  Gb  usart.o [1]
uwTick                  0x20000478    0x4  Data  Gb  stm32f1xx_hal.o [1]
uwTickFreq              0x20000474    0x1  Data  Gb  stm32f1xx_hal.o [1]
uwTickPrio              0x2000047c    0x4  Data  Gb  stm32f1xx_hal.o [1]
vsnprintf               0x080042f9   0x3c  Code  Gb  vsnprint.o [3]
write_prams             0x08005ce5   0x62  Code  Gb  flash.o [1]


[1] = C:\Users\wangyunxuan\Desktop\Robocon\program\encoder-head\EWARM\spi+pid+pwm\Obj
[2] = command line
[3] = dl7M_tlf.a
[4] = m7M_tl.a
[5] = rt7M_tl.a
[6] = shb_l.a

  25 520 bytes of readonly  code memory
     442 bytes of readonly  data memory
   4 192 bytes of readwrite data memory

Errors: none
Warnings: none
